	iters: 100, epoch: 1 | loss: 5.8933558
	speed: 0.5617s/iter; left time: 6246.7676s
	iters: 200, epoch: 1 | loss: 4.8835311
	speed: 0.6867s/iter; left time: 7567.8561s
	iters: 300, epoch: 1 | loss: 4.2565832
	speed: 0.7071s/iter; left time: 7722.6033s
	iters: 400, epoch: 1 | loss: 4.1994476
	speed: 0.7101s/iter; left time: 7683.7641s
	iters: 500, epoch: 1 | loss: 3.8306887
	speed: 0.6791s/iter; left time: 7281.1523s
Epoch: 1 cost time: 378.4291253089905
	iters: 100, epoch: 1 | loss: 8.2501879
	speed: 0.7021s/iter; left time: 7639.2934s
	iters: 200, epoch: 1 | loss: 7.0235634
	speed: 0.6866s/iter; left time: 7402.2291s
	iters: 300, epoch: 1 | loss: 6.6010203
	speed: 0.7191s/iter; left time: 7680.9554s
	iters: 400, epoch: 1 | loss: 5.9687800
	speed: 0.6853s/iter; left time: 7250.9409s
	iters: 500, epoch: 1 | loss: 5.7697730
	speed: 0.7411s/iter; left time: 7767.5978s
Epoch: 1 cost time: 384.22380018234253
Epoch: 1, Steps: 561 | Train Loss: 4.8846680 Vali Loss: 0.1871667 Test Loss: 0.2135135
Validation loss decreased (inf --> 0.187167).  Saving model ...
Updating learning rate to 0.00018070761245881273
第1轮已结束！！！
--------------------
Epoch: 1, Steps: 549 | Train Loss: 7.1176095 Vali Loss: 0.2225350 Test Loss: 0.2560310
Validation loss decreased (inf --> 0.222535).  Saving model ...
Updating learning rate to 0.00018071021230250993
第1轮已结束！！！
--------------------
	iters: 100, epoch: 1 | loss: 4.4951096
	speed: 0.7429s/iter; left time: 8335.9178s
	iters: 200, epoch: 1 | loss: 3.6802752
	speed: 0.8233s/iter; left time: 9155.4881s
	iters: 300, epoch: 1 | loss: 3.3261502
	speed: 0.8345s/iter; left time: 9196.5184s
	iters: 400, epoch: 1 | loss: 3.0621145
	speed: 0.8230s/iter; left time: 8987.5440s
	iters: 500, epoch: 1 | loss: 2.9579926
	speed: 0.8339s/iter; left time: 9023.3688s
Epoch: 1 cost time: 463.45821046829224
	iters: 100, epoch: 1 | loss: 3.1566894
	speed: 0.7952s/iter; left time: 8970.4840s
	iters: 200, epoch: 1 | loss: 2.8336372
	speed: 0.8384s/iter; left time: 9374.3192s
	iters: 300, epoch: 1 | loss: 2.4444115
	speed: 0.8355s/iter; left time: 9258.5314s
	iters: 400, epoch: 1 | loss: 2.2612708
	speed: 0.8118s/iter; left time: 8913.8309s
	iters: 500, epoch: 1 | loss: 2.1451654
	speed: 0.8315s/iter; left time: 9047.8933s
Epoch: 1 cost time: 467.93965101242065
Epoch: 1, Steps: 566 | Train Loss: 3.7595991 Vali Loss: 0.1714339 Test Loss: 0.1969943
Validation loss decreased (inf --> 0.171434).  Saving model ...
Updating learning rate to 0.0001807065617469519
第1轮已结束！！！
--------------------
Epoch: 1, Steps: 569 | Train Loss: 2.7326995 Vali Loss: 0.1677046 Test Loss: 0.1928458
Validation loss decreased (inf --> 0.167705).  Saving model ...
Updating learning rate to 0.0001807059401889113
第1轮已结束！！！
--------------------
	iters: 100, epoch: 2 | loss: 3.7723875
	speed: 1.8724s/iter; left time: 19772.0412s
	iters: 200, epoch: 2 | loss: 3.6209819
	speed: 0.6847s/iter; left time: 7162.1835s
	iters: 300, epoch: 2 | loss: 3.5401037
	speed: 0.7075s/iter; left time: 7330.0320s
	iters: 400, epoch: 2 | loss: 3.5936530
	speed: 0.6732s/iter; left time: 6906.7773s
	iters: 500, epoch: 2 | loss: 3.4495816
	speed: 0.7153s/iter; left time: 7267.8183s
Epoch: 2 cost time: 383.9948103427887
	iters: 100, epoch: 2 | loss: 5.5847168
	speed: 1.6994s/iter; left time: 17558.3286s
	iters: 200, epoch: 2 | loss: 5.4929132
	speed: 0.6986s/iter; left time: 7147.9077s
	iters: 300, epoch: 2 | loss: 5.4116507
	speed: 0.7308s/iter; left time: 7404.2345s
	iters: 400, epoch: 2 | loss: 5.2668638
	speed: 0.7070s/iter; left time: 7092.2182s
	iters: 500, epoch: 2 | loss: 5.2585907
	speed: 0.7492s/iter; left time: 7441.2742s
Epoch: 2 cost time: 384.3172085285187
Epoch: 2, Steps: 561 | Train Loss: 3.6429377 Vali Loss: 0.1665964 Test Loss: 0.1917460
Validation loss decreased (0.187167 --> 0.166596).  Saving model ...
Updating learning rate to 0.0005203361489858366
第2轮已结束！！！
--------------------
Epoch: 2, Steps: 549 | Train Loss: 5.4581621 Vali Loss: 0.2004111 Test Loss: 0.2285627
Validation loss decreased (0.222535 --> 0.200411).  Saving model ...
Updating learning rate to 0.0005203434998508004
第2轮已结束！！！
--------------------
	iters: 100, epoch: 2 | loss: 2.7463081
	speed: 2.3086s/iter; left time: 24598.1113s
	iters: 200, epoch: 2 | loss: 2.8093784
	speed: 0.8409s/iter; left time: 8875.8031s
	iters: 300, epoch: 2 | loss: 2.7030985
	speed: 0.8433s/iter; left time: 8816.3455s
	iters: 400, epoch: 2 | loss: 2.5938766
	speed: 0.8574s/iter; left time: 8877.9692s
	iters: 500, epoch: 2 | loss: 2.6910150
	speed: 0.8587s/iter; left time: 8805.8536s
Epoch: 2 cost time: 476.14187598228455
	iters: 100, epoch: 2 | loss: 2.0708237
	speed: 2.3318s/iter; left time: 24978.2052s
	iters: 200, epoch: 2 | loss: 1.9246254
	speed: 0.8180s/iter; left time: 8680.4640s
	iters: 300, epoch: 2 | loss: 1.8965226
	speed: 0.8496s/iter; left time: 8931.2353s
	iters: 400, epoch: 2 | loss: 1.8911091
	speed: 0.8586s/iter; left time: 8939.8009s
	iters: 500, epoch: 2 | loss: 1.8197106
	speed: 0.8562s/iter; left time: 8829.0061s
Epoch: 2 cost time: 476.5191717147827
Epoch: 2, Steps: 566 | Train Loss: 2.7634803 Vali Loss: 0.1471001 Test Loss: 0.1721256
Validation loss decreased (0.171434 --> 0.147100).  Saving model ...
Updating learning rate to 0.0005203331781601043
第2轮已结束！！！
--------------------
Epoch: 2, Steps: 569 | Train Loss: 1.9609882 Vali Loss: 0.1340269 Test Loss: 0.1587175
Validation loss decreased (0.167705 --> 0.134027).  Saving model ...
Updating learning rate to 0.0005203314207371222
第2轮已结束！！！
--------------------
	iters: 100, epoch: 3 | loss: 3.5380552
	speed: 1.8849s/iter; left time: 18846.7308s
	iters: 200, epoch: 3 | loss: 3.5598340
	speed: 0.6775s/iter; left time: 6706.4402s
	iters: 300, epoch: 3 | loss: 3.4079812
	speed: 0.6879s/iter; left time: 6741.1926s
	iters: 400, epoch: 3 | loss: 3.3989773
	speed: 0.6687s/iter; left time: 6486.1106s
	iters: 500, epoch: 3 | loss: 3.3284910
	speed: 0.7025s/iter; left time: 6743.0970s
Epoch: 3 cost time: 380.4969437122345
	iters: 100, epoch: 3 | loss: 5.3124514
	speed: 1.6946s/iter; left time: 16578.6312s
	iters: 200, epoch: 3 | loss: 5.0498457
	speed: 0.7104s/iter; left time: 6878.9377s
	iters: 300, epoch: 3 | loss: 5.0025239
	speed: 0.6590s/iter; left time: 6314.9292s
	iters: 400, epoch: 3 | loss: 5.0698133
	speed: 0.7116s/iter; left time: 6748.4798s
	iters: 500, epoch: 3 | loss: 5.1614385
	speed: 0.7007s/iter; left time: 6574.3108s
Epoch: 3 cost time: 375.5521719455719
Epoch: 3, Steps: 561 | Train Loss: 3.4473235 Vali Loss: 0.1581737 Test Loss: 0.1856253
Validation loss decreased (0.166596 --> 0.158174).  Saving model ...
Updating learning rate to 0.000859767607507746
第3轮已结束！！！
--------------------
Epoch: 3, Steps: 549 | Train Loss: 5.1813804 Vali Loss: 0.1907323 Test Loss: 0.2222294
Validation loss decreased (0.200411 --> 0.190732).  Saving model ...
Updating learning rate to 0.0008597753959952076
第3轮已结束！！！
--------------------
	iters: 100, epoch: 3 | loss: 2.5753314
	speed: 2.2138s/iter; left time: 22334.5351s
	iters: 200, epoch: 3 | loss: 2.4828215
	speed: 0.8345s/iter; left time: 8335.3533s
	iters: 300, epoch: 3 | loss: 2.5355570
	speed: 0.8686s/iter; left time: 8589.4584s
	iters: 400, epoch: 3 | loss: 2.5550711
	speed: 0.8545s/iter; left time: 8364.9057s
	iters: 500, epoch: 3 | loss: 2.5466390
	speed: 0.8457s/iter; left time: 8193.8562s
Epoch: 3 cost time: 473.3395245075226
	iters: 100, epoch: 3 | loss: 1.7552857
	speed: 2.2983s/iter; left time: 23311.2919s
	iters: 200, epoch: 3 | loss: 1.8966271
	speed: 0.8516s/iter; left time: 8552.5356s
	iters: 300, epoch: 3 | loss: 1.8161657
	speed: 0.8598s/iter; left time: 8549.2243s
	iters: 400, epoch: 3 | loss: 1.8334934
	speed: 0.8472s/iter; left time: 8338.8630s
	iters: 500, epoch: 3 | loss: 1.8615274
	speed: 0.8565s/iter; left time: 8344.5557s
Epoch: 3 cost time: 479.8074486255646
	iters: 100, epoch: 4 | loss: 3.3795171
	speed: 1.9274s/iter; left time: 18190.7169s
	iters: 200, epoch: 4 | loss: 3.4348125
	speed: 0.6558s/iter; left time: 6123.4766s
	iters: 300, epoch: 4 | loss: 3.4871907
	speed: 0.6748s/iter; left time: 6234.0467s
	iters: 400, epoch: 4 | loss: 3.1775792
	speed: 0.7118s/iter; left time: 6504.2177s
	iters: 500, epoch: 4 | loss: 3.3206820
	speed: 0.7174s/iter; left time: 6484.1622s
Epoch: 4 cost time: 385.56604862213135
	iters: 100, epoch: 4 | loss: 5.0711021
	speed: 1.7495s/iter; left time: 16154.7603s
	iters: 200, epoch: 4 | loss: 5.1220317
	speed: 0.6657s/iter; left time: 6080.8616s
	iters: 300, epoch: 4 | loss: 5.1168380
	speed: 0.6757s/iter; left time: 6104.2572s
	iters: 400, epoch: 4 | loss: 5.0994039
	speed: 0.7488s/iter; left time: 6689.5331s
	iters: 500, epoch: 4 | loss: 5.1330848
	speed: 0.7230s/iter; left time: 6387.1821s
Epoch: 4 cost time: 382.8422021865845
Epoch: 3, Steps: 566 | Train Loss: 2.5850729 Vali Loss: 0.1397974 Test Loss: 0.1668579
Validation loss decreased (0.147100 --> 0.139797).  Saving model ...
Updating learning rate to 0.0008597644597676008
第3轮已结束！！！
--------------------
Epoch: 3, Steps: 569 | Train Loss: 1.8162060 Vali Loss: 0.1289315 Test Loss: 0.1542020
Validation loss decreased (0.134027 --> 0.128931).  Saving model ...
Updating learning rate to 0.0008597625976752713
第3轮已结束！！！
--------------------
Epoch: 4, Steps: 549 | Train Loss: 5.0898987 Vali Loss: 0.1895363 Test Loss: 0.2187681
Validation loss decreased (0.190732 --> 0.189536).  Saving model ...
Updating learning rate to 0.0009999999680218483
第4轮已结束！！！
--------------------
Epoch: 4, Steps: 561 | Train Loss: 3.3721556 Vali Loss: 0.1554831 Test Loss: 0.1821239
Validation loss decreased (0.158174 --> 0.155483).  Saving model ...
Updating learning rate to 0.0009999999693752662
第4轮已结束！！！
--------------------
	iters: 100, epoch: 5 | loss: 5.0281348
	speed: 1.8508s/iter; left time: 16074.5176s
	iters: 200, epoch: 5 | loss: 5.1898088
	speed: 0.6896s/iter; left time: 5920.0573s
	iters: 300, epoch: 5 | loss: 4.9476910
	speed: 0.7194s/iter; left time: 6104.4935s
	iters: 400, epoch: 5 | loss: 5.1383553
	speed: 0.7056s/iter; left time: 5916.7516s
	iters: 500, epoch: 5 | loss: 4.9659886
	speed: 0.7070s/iter; left time: 5857.1903s
Epoch: 5 cost time: 388.7275323867798
	iters: 100, epoch: 5 | loss: 3.3398423
	speed: 1.9844s/iter; left time: 17615.0846s
	iters: 200, epoch: 5 | loss: 3.2204659
	speed: 0.6766s/iter; left time: 5938.2988s
	iters: 300, epoch: 5 | loss: 3.2841120
	speed: 0.7120s/iter; left time: 6177.7965s
	iters: 400, epoch: 5 | loss: 3.2862327
	speed: 0.6989s/iter; left time: 5994.6579s
	iters: 500, epoch: 5 | loss: 3.3232124
	speed: 0.7038s/iter; left time: 5966.0582s
Epoch: 5 cost time: 391.02944231033325
	iters: 100, epoch: 4 | loss: 2.6611342
	speed: 2.2840s/iter; left time: 21750.8930s
	iters: 200, epoch: 4 | loss: 2.6409261
	speed: 0.8539s/iter; left time: 8046.1082s
	iters: 300, epoch: 4 | loss: 2.4482605
	speed: 0.8368s/iter; left time: 7801.2431s
	iters: 400, epoch: 4 | loss: 2.4311728
	speed: 0.8568s/iter; left time: 7902.1800s
	iters: 500, epoch: 4 | loss: 2.5324728
	speed: 0.8333s/iter; left time: 7601.9657s
Epoch: 4 cost time: 471.3199725151062
	iters: 100, epoch: 4 | loss: 1.7747473
	speed: 2.3464s/iter; left time: 22464.6723s
	iters: 200, epoch: 4 | loss: 1.6852076
	speed: 0.8401s/iter; left time: 7958.7758s
	iters: 300, epoch: 4 | loss: 1.8828249
	speed: 0.8364s/iter; left time: 7840.3520s
	iters: 400, epoch: 4 | loss: 1.7598051
	speed: 0.8433s/iter; left time: 7821.0389s
	iters: 500, epoch: 4 | loss: 1.6918319
	speed: 0.8320s/iter; left time: 7632.6957s
Epoch: 4 cost time: 473.1374168395996
Epoch: 5, Steps: 549 | Train Loss: 5.0314536 Vali Loss: 0.1777894 Test Loss: 0.2121586
Validation loss decreased (0.189536 --> 0.177789).  Saving model ...
Updating learning rate to 0.0009903577604357403
第5轮已结束！！！
--------------------
Epoch: 5, Steps: 561 | Train Loss: 3.3180155 Vali Loss: 0.1544265 Test Loss: 0.1810588
Validation loss decreased (0.155483 --> 0.154426).  Saving model ...
Updating learning rate to 0.0009903585080055092
第5轮已结束！！！
--------------------
Epoch: 4, Steps: 566 | Train Loss: 2.5159347 Vali Loss: 0.1389735 Test Loss: 0.1665237
Validation loss decreased (0.139797 --> 0.138973).  Saving model ...
Updating learning rate to 0.0009999999699139492
第4轮已结束！！！
--------------------
Epoch: 4, Steps: 569 | Train Loss: 1.7404190 Vali Loss: 0.1255824 Test Loss: 0.1559803
Validation loss decreased (0.128931 --> 0.125582).  Saving model ...
Updating learning rate to 0.0009999999702303647
第4轮已结束！！！
--------------------
	iters: 100, epoch: 6 | loss: 4.9320321
	speed: 1.7812s/iter; left time: 14491.4749s
	iters: 200, epoch: 6 | loss: 5.1425843
	speed: 0.7443s/iter; left time: 5981.1368s
	iters: 300, epoch: 6 | loss: 4.8299370
	speed: 0.6798s/iter; left time: 5394.5950s
	iters: 400, epoch: 6 | loss: 4.9150243
	speed: 0.6821s/iter; left time: 5345.1968s
	iters: 500, epoch: 6 | loss: 4.9503045
	speed: 0.6507s/iter; left time: 5033.8234s
Epoch: 6 cost time: 379.5013518333435
	iters: 100, epoch: 6 | loss: 3.1958916
	speed: 1.9514s/iter; left time: 16228.0749s
	iters: 200, epoch: 6 | loss: 3.2769134
	speed: 0.7314s/iter; left time: 6009.4479s
	iters: 300, epoch: 6 | loss: 3.1885459
	speed: 0.6474s/iter; left time: 5254.1686s
	iters: 400, epoch: 6 | loss: 3.1038475
	speed: 0.6821s/iter; left time: 5467.4185s
	iters: 500, epoch: 6 | loss: 3.0857666
	speed: 0.6452s/iter; left time: 5107.4181s
Epoch: 6 cost time: 381.9720711708069
Epoch: 6, Steps: 549 | Train Loss: 4.9236651 Vali Loss: 0.1777422 Test Loss: 0.2096535
Validation loss decreased (0.177789 --> 0.177742).  Saving model ...
Updating learning rate to 0.0009618714559707653
第6轮已结束！！！
--------------------
Epoch: 6, Steps: 561 | Train Loss: 3.1923613 Vali Loss: 0.1576610 Test Loss: 0.1864148
EarlyStopping counter: 1 out of 10
Updating learning rate to 0.0009618729210281983
第6轮已结束！！！
--------------------
	iters: 100, epoch: 5 | loss: 2.5725365
	speed: 2.2528s/iter; left time: 20177.9076s
	iters: 200, epoch: 5 | loss: 2.5091279
	speed: 0.8412s/iter; left time: 7450.3986s
	iters: 300, epoch: 5 | loss: 2.4340656
	speed: 0.8492s/iter; left time: 7436.0600s
	iters: 400, epoch: 5 | loss: 2.4463277
	speed: 0.8468s/iter; left time: 7330.4229s
	iters: 500, epoch: 5 | loss: 2.3550484
	speed: 0.8547s/iter; left time: 7313.9577s
Epoch: 5 cost time: 473.6482653617859
	iters: 100, epoch: 5 | loss: 1.6609273
	speed: 2.3030s/iter; left time: 20738.4593s
	iters: 200, epoch: 5 | loss: 1.6583700
	speed: 0.8355s/iter; left time: 7440.3404s
	iters: 300, epoch: 5 | loss: 1.6449411
	speed: 0.8312s/iter; left time: 7318.8124s
	iters: 400, epoch: 5 | loss: 1.5824534
	speed: 0.8345s/iter; left time: 7264.1258s
	iters: 500, epoch: 5 | loss: 1.5253865
	speed: 0.8758s/iter; left time: 7536.3729s
Epoch: 5 cost time: 476.0001366138458
Epoch: 5, Steps: 566 | Train Loss: 2.4547965 Vali Loss: 0.1374478 Test Loss: 0.1698913
Validation loss decreased (0.138973 --> 0.137448).  Saving model ...
Updating learning rate to 0.000990358810129141
第5轮已结束！！！
--------------------
Epoch: 5, Steps: 569 | Train Loss: 1.6287208 Vali Loss: 0.1230527 Test Loss: 0.1529403
Validation loss decreased (0.125582 --> 0.123053).  Saving model ...
Updating learning rate to 0.0009903589888524428
第5轮已结束！！！
--------------------
	iters: 100, epoch: 7 | loss: 4.8384886
	speed: 1.7125s/iter; left time: 12992.4235s
	iters: 200, epoch: 7 | loss: 4.9113832
	speed: 0.7104s/iter; left time: 5318.5671s
	iters: 300, epoch: 7 | loss: 4.7268968
	speed: 0.7301s/iter; left time: 5393.3042s
	iters: 400, epoch: 7 | loss: 4.6788340
	speed: 0.6700s/iter; left time: 4882.4435s
	iters: 500, epoch: 7 | loss: 4.6854296
	speed: 0.7300s/iter; left time: 5246.8635s
Epoch: 7 cost time: 385.12351417541504
	iters: 100, epoch: 7 | loss: 3.0467257
	speed: 1.8589s/iter; left time: 14415.6470s
	iters: 200, epoch: 7 | loss: 3.0627673
	speed: 0.7218s/iter; left time: 5525.4519s
	iters: 300, epoch: 7 | loss: 3.0386405
	speed: 0.7016s/iter; left time: 5300.5377s
	iters: 400, epoch: 7 | loss: 3.0873005
	speed: 0.6868s/iter; left time: 5119.9400s
	iters: 500, epoch: 7 | loss: 2.9233768
	speed: 0.6859s/iter; left time: 5044.6335s
Epoch: 7 cost time: 389.0497329235077
Epoch: 7, Steps: 549 | Train Loss: 4.7603894 Vali Loss: 0.1797138 Test Loss: 0.2129245
EarlyStopping counter: 1 out of 10
Updating learning rate to 0.0009156357673322089
第7轮已结束！！！
--------------------
Epoch: 7, Steps: 561 | Train Loss: 3.0534050 Vali Loss: 0.1558677 Test Loss: 0.1867887
EarlyStopping counter: 2 out of 10
Updating learning rate to 0.0009156378935759703
第7轮已结束！！！
--------------------
	iters: 100, epoch: 6 | loss: 2.4191787
	speed: 2.2766s/iter; left time: 19102.6418s
	iters: 200, epoch: 6 | loss: 2.4683959
	speed: 0.8473s/iter; left time: 7024.8376s
	iters: 300, epoch: 6 | loss: 2.3525813
	speed: 0.8419s/iter; left time: 6895.7962s
	iters: 400, epoch: 6 | loss: 2.3316696
	speed: 0.8288s/iter; left time: 6706.0634s
	iters: 500, epoch: 6 | loss: 2.2976768
	speed: 0.8102s/iter; left time: 6474.5736s
Epoch: 6 cost time: 466.46929812431335
	iters: 100, epoch: 6 | loss: 1.5777293
	speed: 2.3213s/iter; left time: 19582.0709s
	iters: 200, epoch: 6 | loss: 1.5391881
	speed: 0.8422s/iter; left time: 7020.8873s
	iters: 300, epoch: 6 | loss: 1.5189940
	speed: 0.8064s/iter; left time: 6641.9096s
	iters: 400, epoch: 6 | loss: 1.5268484
	speed: 0.8225s/iter; left time: 6692.2631s
	iters: 500, epoch: 6 | loss: 1.4698313
	speed: 0.8373s/iter; left time: 6728.6638s
Epoch: 6 cost time: 467.37676095962524
Epoch: 6, Steps: 566 | Train Loss: 2.3661123 Vali Loss: 0.1400290 Test Loss: 0.1750879
EarlyStopping counter: 1 out of 10
Updating learning rate to 0.000961873513126337
第6轮已结束！！！
--------------------
Epoch: 6, Steps: 569 | Train Loss: 1.5284521 Vali Loss: 0.1250538 Test Loss: 0.1567423
EarlyStopping counter: 1 out of 10
Updating learning rate to 0.0009618738633882892
第6轮已结束！！！
--------------------
	iters: 100, epoch: 8 | loss: 4.5598326
	speed: 1.7364s/iter; left time: 12220.5888s
	iters: 200, epoch: 8 | loss: 4.7170238
	speed: 0.7281s/iter; left time: 5051.6106s
	iters: 300, epoch: 8 | loss: 4.7052794
	speed: 0.6440s/iter; left time: 4403.8049s
	iters: 400, epoch: 8 | loss: 4.6638627
	speed: 0.7175s/iter; left time: 4834.4776s
	iters: 500, epoch: 8 | loss: 4.4197178
	speed: 0.6587s/iter; left time: 4372.5198s
Epoch: 8 cost time: 371.8586542606354
	iters: 100, epoch: 8 | loss: 3.0187318
	speed: 1.9402s/iter; left time: 13957.9251s
	iters: 200, epoch: 8 | loss: 2.9592175
	speed: 0.6891s/iter; left time: 4888.2574s
	iters: 300, epoch: 8 | loss: 2.8973994
	speed: 0.6786s/iter; left time: 4746.2669s
	iters: 400, epoch: 8 | loss: 2.8443282
	speed: 0.7122s/iter; left time: 4909.7953s
	iters: 500, epoch: 8 | loss: 2.9271688
	speed: 0.6323s/iter; left time: 4295.5956s
Epoch: 8 cost time: 377.7171003818512
Epoch: 8, Steps: 549 | Train Loss: 4.6207561 Vali Loss: 0.1785626 Test Loss: 0.2129064
EarlyStopping counter: 2 out of 10
Updating learning rate to 0.0008534275061051777
第8轮已结束！！！
--------------------
Epoch: 8, Steps: 561 | Train Loss: 2.9427602 Vali Loss: 0.1554484 Test Loss: 0.1857946
EarlyStopping counter: 3 out of 10
Updating learning rate to 0.0008534302118249126
第8轮已结束！！！
--------------------
	iters: 100, epoch: 7 | loss: 2.3583157
	speed: 2.2677s/iter; left time: 17744.6934s
	iters: 200, epoch: 7 | loss: 2.2692599
	speed: 0.8406s/iter; left time: 6493.9873s
	iters: 300, epoch: 7 | loss: 2.3567781
	speed: 0.8505s/iter; left time: 6484.9360s
	iters: 400, epoch: 7 | loss: 2.2895470
	speed: 0.8707s/iter; left time: 6551.6565s
	iters: 500, epoch: 7 | loss: 2.1588805
	speed: 0.8505s/iter; left time: 6314.7923s
Epoch: 7 cost time: 472.50923466682434
	iters: 100, epoch: 7 | loss: 1.4523423
	speed: 2.3003s/iter; left time: 18096.2467s
	iters: 200, epoch: 7 | loss: 1.4748404
	speed: 0.8540s/iter; left time: 6633.0968s
	iters: 300, epoch: 7 | loss: 1.4824939
	speed: 0.8539s/iter; left time: 6546.5917s
	iters: 400, epoch: 7 | loss: 1.4424459
	speed: 0.8554s/iter; left time: 6472.4835s
	iters: 500, epoch: 7 | loss: 1.4553328
	speed: 0.8200s/iter; left time: 6122.8775s
Epoch: 7 cost time: 474.4748446941376
	iters: 100, epoch: 9 | loss: 4.5000405
	speed: 1.7385s/iter; left time: 11281.2664s
	iters: 200, epoch: 9 | loss: 4.5644245
	speed: 0.6893s/iter; left time: 4403.9466s
	iters: 300, epoch: 9 | loss: 4.6259122
	speed: 0.7415s/iter; left time: 4663.4446s
	iters: 400, epoch: 9 | loss: 4.4776807
	speed: 0.7189s/iter; left time: 4449.0950s
	iters: 500, epoch: 9 | loss: 4.5266552
	speed: 0.7476s/iter; left time: 4552.3699s
Epoch: 9 cost time: 390.89596676826477
Epoch: 7, Steps: 566 | Train Loss: 2.2606411 Vali Loss: 0.1418637 Test Loss: 0.1733148
EarlyStopping counter: 2 out of 10
Updating learning rate to 0.0009156387528946166
第7轮已结束！！！
--------------------
Epoch: 7, Steps: 569 | Train Loss: 1.4517726 Vali Loss: 0.1255873 Test Loss: 0.1581094
EarlyStopping counter: 2 out of 10
Updating learning rate to 0.0009156392612348486
第7轮已结束！！！
--------------------
	iters: 100, epoch: 9 | loss: 2.8465474
	speed: 1.8109s/iter; left time: 12011.9199s
	iters: 200, epoch: 9 | loss: 2.8894379
	speed: 0.7126s/iter; left time: 4655.5132s
	iters: 300, epoch: 9 | loss: 3.0305808
	speed: 0.7352s/iter; left time: 4729.7882s
	iters: 400, epoch: 9 | loss: 2.8483181
	speed: 0.7267s/iter; left time: 4602.0136s
	iters: 500, epoch: 9 | loss: 2.7475581
	speed: 0.7126s/iter; left time: 4441.8083s
Epoch: 9 cost time: 393.5912923812866
Epoch: 9, Steps: 549 | Train Loss: 4.5067429 Vali Loss: 0.1789683 Test Loss: 0.2169059
EarlyStopping counter: 3 out of 10
Updating learning rate to 0.0007776373008818319
第9轮已结束！！！
--------------------
Epoch: 9, Steps: 561 | Train Loss: 2.8533199 Vali Loss: 0.1558149 Test Loss: 0.1863335
EarlyStopping counter: 4 out of 10
Updating learning rate to 0.000777640482098248
第9轮已结束！！！
--------------------
	iters: 100, epoch: 10 | loss: 4.4864430
	speed: 1.7585s/iter; left time: 10445.7742s
	iters: 200, epoch: 10 | loss: 4.3120584
	speed: 0.6892s/iter; left time: 4025.1958s
	iters: 300, epoch: 10 | loss: 4.5141120
	speed: 0.7234s/iter; left time: 4152.4564s
	iters: 400, epoch: 10 | loss: 4.4302101
	speed: 0.7082s/iter; left time: 3994.5001s
	iters: 500, epoch: 10 | loss: 4.3496380
	speed: 0.7125s/iter; left time: 3947.1169s
Epoch: 10 cost time: 381.39042925834656
	iters: 100, epoch: 8 | loss: 2.2005291
	speed: 2.2830s/iter; left time: 16572.1737s
	iters: 200, epoch: 8 | loss: 2.1841924
	speed: 0.8437s/iter; left time: 6040.2905s
	iters: 300, epoch: 8 | loss: 2.1926069
	speed: 0.8830s/iter; left time: 6233.1716s
	iters: 400, epoch: 8 | loss: 2.1257062
	speed: 0.8493s/iter; left time: 5910.0980s
	iters: 500, epoch: 8 | loss: 2.1112134
	speed: 0.8315s/iter; left time: 5703.2194s
Epoch: 8 cost time: 473.5909974575043
	iters: 100, epoch: 8 | loss: 1.4207677
	speed: 2.3666s/iter; left time: 17271.3984s
	iters: 200, epoch: 8 | loss: 1.3812228
	speed: 0.8595s/iter; left time: 6186.9381s
	iters: 300, epoch: 8 | loss: 1.3608783
	speed: 0.8452s/iter; left time: 5999.4683s
	iters: 400, epoch: 8 | loss: 1.3762842
	speed: 0.8226s/iter; left time: 5756.3649s
	iters: 500, epoch: 8 | loss: 1.3253500
	speed: 0.8141s/iter; left time: 5615.5375s
Epoch: 8 cost time: 469.24775218963623
	iters: 100, epoch: 10 | loss: 2.8383710
	speed: 1.8965s/iter; left time: 11515.4285s
	iters: 200, epoch: 10 | loss: 2.8381503
	speed: 0.7111s/iter; left time: 4246.8395s
	iters: 300, epoch: 10 | loss: 2.7140248
	speed: 0.6975s/iter; left time: 4095.6872s
	iters: 400, epoch: 10 | loss: 2.7581367
	speed: 0.7623s/iter; left time: 4400.1527s
	iters: 500, epoch: 10 | loss: 2.7848837
	speed: 0.6545s/iter; left time: 3712.1579s
Epoch: 10 cost time: 391.82664155960083
Epoch: 10, Steps: 549 | Train Loss: 4.4116370 Vali Loss: 0.1803280 Test Loss: 0.2159925
EarlyStopping counter: 4 out of 10
Updating learning rate to 0.0006911777267452677
第10轮已结束！！！
--------------------
Epoch: 8, Steps: 566 | Train Loss: 2.1678250 Vali Loss: 0.1401535 Test Loss: 0.1747680
EarlyStopping counter: 3 out of 10
Updating learning rate to 0.0008534313053409325
第8轮已结束！！！
--------------------
Epoch: 10, Steps: 561 | Train Loss: 2.7782063 Vali Loss: 0.1555184 Test Loss: 0.1859805
EarlyStopping counter: 5 out of 10
Updating learning rate to 0.0006911812612060022
第10轮已结束！！！
--------------------
Epoch: 8, Steps: 569 | Train Loss: 1.3859378 Vali Loss: 0.1264390 Test Loss: 0.1603967
EarlyStopping counter: 3 out of 10
Updating learning rate to 0.0008534319522242144
第8轮已结束！！！
--------------------
	iters: 100, epoch: 11 | loss: 4.2785993
	speed: 1.7015s/iter; left time: 9172.7748s
	iters: 200, epoch: 11 | loss: 4.3034935
	speed: 0.6553s/iter; left time: 3467.1321s
	iters: 300, epoch: 11 | loss: 4.4402437
	speed: 0.6611s/iter; left time: 3431.6229s
	iters: 400, epoch: 11 | loss: 4.3391690
	speed: 0.7035s/iter; left time: 3581.6989s
	iters: 500, epoch: 11 | loss: 4.2777891
	speed: 0.6374s/iter; left time: 3181.0376s
Epoch: 11 cost time: 357.2907998561859
	iters: 100, epoch: 11 | loss: 2.7635689
	speed: 1.9140s/iter; left time: 10547.9333s
	iters: 200, epoch: 11 | loss: 2.7305253
	speed: 0.6790s/iter; left time: 3673.8495s
	iters: 300, epoch: 11 | loss: 2.7067468
	speed: 0.7190s/iter; left time: 3818.6136s
	iters: 400, epoch: 11 | loss: 2.6860156
	speed: 0.6194s/iter; left time: 3227.5513s
	iters: 500, epoch: 11 | loss: 2.6395612
	speed: 0.6070s/iter; left time: 3102.1321s
Epoch: 11 cost time: 367.1221058368683
Epoch: 11, Steps: 549 | Train Loss: 4.3253612 Vali Loss: 0.1826150 Test Loss: 0.2158595
EarlyStopping counter: 5 out of 10
Updating learning rate to 0.0005973713766424656
第11轮已结束！！！
--------------------
	iters: 100, epoch: 9 | loss: 2.1359830
	speed: 2.2409s/iter; left time: 14998.3588s
	iters: 200, epoch: 9 | loss: 2.1567445
	speed: 0.8280s/iter; left time: 5458.6846s
	iters: 300, epoch: 9 | loss: 2.0661964
	speed: 0.8297s/iter; left time: 5387.5606s
	iters: 400, epoch: 9 | loss: 2.0782812
	speed: 0.8186s/iter; left time: 5233.1562s
	iters: 500, epoch: 9 | loss: 2.0506995
	speed: 0.8363s/iter; left time: 5262.6280s
Epoch: 9 cost time: 463.2460501194
Epoch: 11, Steps: 561 | Train Loss: 2.7127491 Vali Loss: 0.1569366 Test Loss: 0.1868974
EarlyStopping counter: 6 out of 10
Updating learning rate to 0.0005973751285201747
第11轮已结束！！！
--------------------
	iters: 100, epoch: 9 | loss: 1.3555447
	speed: 2.2383s/iter; left time: 15061.5580s
	iters: 200, epoch: 9 | loss: 1.3657545
	speed: 0.8216s/iter; left time: 5446.5803s
	iters: 300, epoch: 9 | loss: 1.3245157
	speed: 0.8089s/iter; left time: 5281.1090s
	iters: 400, epoch: 9 | loss: 1.3009475
	speed: 0.8402s/iter; left time: 5401.8306s
	iters: 500, epoch: 9 | loss: 1.3831363
	speed: 0.7977s/iter; left time: 5048.7415s
Epoch: 9 cost time: 460.0737190246582
Epoch: 9, Steps: 566 | Train Loss: 2.0920023 Vali Loss: 0.1408121 Test Loss: 0.1749351
EarlyStopping counter: 4 out of 10
Updating learning rate to 0.0007776417677884343
第9轮已结束！！！
--------------------
Epoch: 9, Steps: 569 | Train Loss: 1.3293211 Vali Loss: 0.1280224 Test Loss: 0.1611089
EarlyStopping counter: 4 out of 10
Updating learning rate to 0.0007776425283554043
第9轮已结束！！！
--------------------
	iters: 100, epoch: 12 | loss: 4.2557349
	speed: 1.7128s/iter; left time: 8293.4556s
	iters: 200, epoch: 12 | loss: 4.1263628
	speed: 0.6841s/iter; left time: 3244.0883s
	iters: 300, epoch: 12 | loss: 4.2751007
	speed: 0.6765s/iter; left time: 3140.1191s
	iters: 400, epoch: 12 | loss: 4.1244006
	speed: 0.7178s/iter; left time: 3260.2237s
	iters: 500, epoch: 12 | loss: 4.2080417
	speed: 0.6743s/iter; left time: 2995.3580s
Epoch: 12 cost time: 372.7460608482361
Epoch: 12, Steps: 549 | Train Loss: 4.2489679 Vali Loss: 0.1819993 Test Loss: 0.2170013
EarlyStopping counter: 6 out of 10
Updating learning rate to 0.000499823176000669
第12轮已结束！！！
--------------------
	iters: 100, epoch: 12 | loss: 2.6777542
	speed: 1.9221s/iter; left time: 9514.3623s
	iters: 200, epoch: 12 | loss: 2.6225715
	speed: 0.6901s/iter; left time: 3347.1779s
	iters: 300, epoch: 12 | loss: 2.6336596
	speed: 0.7505s/iter; left time: 3565.0431s
	iters: 400, epoch: 12 | loss: 2.6234698
	speed: 0.6723s/iter; left time: 3126.3978s
	iters: 500, epoch: 12 | loss: 2.7052786
	speed: 0.5877s/iter; left time: 2674.2381s
Epoch: 12 cost time: 376.8788859844208
Epoch: 12, Steps: 561 | Train Loss: 2.6570062 Vali Loss: 0.1565481 Test Loss: 0.1874222
EarlyStopping counter: 7 out of 10
Updating learning rate to 0.0004998270011127964
第12轮已结束！！！
--------------------
	iters: 100, epoch: 10 | loss: 2.0552258
	speed: 2.2270s/iter; left time: 13644.8040s
	iters: 200, epoch: 10 | loss: 2.0223045
	speed: 0.8374s/iter; left time: 5047.2171s
	iters: 300, epoch: 10 | loss: 2.0598416
	speed: 0.8508s/iter; left time: 5042.8996s
	iters: 400, epoch: 10 | loss: 2.0364192
	speed: 0.8464s/iter; left time: 4931.8097s
	iters: 500, epoch: 10 | loss: 1.9687251
	speed: 0.8365s/iter; left time: 4790.8162s
Epoch: 10 cost time: 466.957102060318
	iters: 100, epoch: 10 | loss: 1.2978481
	speed: 2.2842s/iter; left time: 14070.6541s
	iters: 200, epoch: 10 | loss: 1.3030180
	speed: 0.8201s/iter; left time: 4969.9242s
	iters: 300, epoch: 10 | loss: 1.2574071
	speed: 0.8340s/iter; left time: 4970.3490s
	iters: 400, epoch: 10 | loss: 1.3046377
	speed: 0.8518s/iter; left time: 4991.8373s
	iters: 500, epoch: 10 | loss: 1.2265425
	speed: 0.8382s/iter; left time: 4828.2107s
Epoch: 10 cost time: 466.1324372291565
Epoch: 10, Steps: 566 | Train Loss: 2.0290001 Vali Loss: 0.1415897 Test Loss: 0.1757623
EarlyStopping counter: 5 out of 10
Updating learning rate to 0.0006911826896620022
第10轮已结束！！！
--------------------
Epoch: 10, Steps: 569 | Train Loss: 1.2788606 Vali Loss: 0.1283797 Test Loss: 0.1624718
EarlyStopping counter: 5 out of 10
Updating learning rate to 0.000691183534684498
第10轮已结束！！！
--------------------
	iters: 100, epoch: 13 | loss: 4.1918449
	speed: 1.7092s/iter; left time: 7337.7973s
	iters: 200, epoch: 13 | loss: 4.1227937
	speed: 0.6265s/iter; left time: 2626.8554s
	iters: 300, epoch: 13 | loss: 4.2134809
	speed: 0.6790s/iter; left time: 2779.2626s
	iters: 400, epoch: 13 | loss: 4.2266855
	speed: 0.6737s/iter; left time: 2690.1609s
	iters: 500, epoch: 13 | loss: 4.1111012
	speed: 0.6986s/iter; left time: 2719.7426s
Epoch: 13 cost time: 366.5829873085022
Epoch: 13, Steps: 549 | Train Loss: 4.1830305 Vali Loss: 0.1831019 Test Loss: 0.2184229
EarlyStopping counter: 7 out of 10
Updating learning rate to 0.00040228184746488125
第13轮已结束！！！
--------------------
	iters: 100, epoch: 13 | loss: 2.6350734
	speed: 1.8141s/iter; left time: 7961.8803s
	iters: 200, epoch: 13 | loss: 2.6392975
	speed: 0.6840s/iter; left time: 2933.5630s
	iters: 300, epoch: 13 | loss: 2.6250443
	speed: 0.6799s/iter; left time: 2848.0493s
	iters: 400, epoch: 13 | loss: 2.5736003
	speed: 0.6966s/iter; left time: 2848.2470s
	iters: 500, epoch: 13 | loss: 2.6602926
	speed: 0.5599s/iter; left time: 2233.5398s
Epoch: 13 cost time: 366.7145791053772
Epoch: 13, Steps: 561 | Train Loss: 2.6086859 Vali Loss: 0.1582251 Test Loss: 0.1882243
EarlyStopping counter: 8 out of 10
Updating learning rate to 0.00040228559881451295
第13轮已结束！！！
--------------------
	iters: 100, epoch: 11 | loss: 2.0759196
	speed: 2.1350s/iter; left time: 11872.7679s
	iters: 200, epoch: 11 | loss: 1.9886382
	speed: 0.8149s/iter; left time: 4449.9427s
	iters: 300, epoch: 11 | loss: 1.9271207
	speed: 0.7878s/iter; left time: 4223.4792s
	iters: 400, epoch: 11 | loss: 2.0200973
	speed: 0.7932s/iter; left time: 4173.0603s
	iters: 500, epoch: 11 | loss: 1.9249256
	speed: 0.8095s/iter; left time: 4177.9421s
Epoch: 11 cost time: 445.1107246875763
	iters: 100, epoch: 11 | loss: 1.2366532
	speed: 2.1429s/iter; left time: 11980.8751s
	iters: 200, epoch: 11 | loss: 1.2439014
	speed: 0.7948s/iter; left time: 4364.0686s
	iters: 300, epoch: 11 | loss: 1.1909033
	speed: 0.8062s/iter; left time: 4346.3716s
	iters: 400, epoch: 11 | loss: 1.2331995
	speed: 0.7572s/iter; left time: 4006.0924s
	iters: 500, epoch: 11 | loss: 1.2006510
	speed: 0.8066s/iter; left time: 4187.2373s
Epoch: 11 cost time: 445.31048679351807
	iters: 100, epoch: 14 | loss: 4.1390457
	speed: 1.7532s/iter; left time: 6564.1370s
	iters: 200, epoch: 14 | loss: 4.1798620
	speed: 0.6362s/iter; left time: 2318.4468s
	iters: 300, epoch: 14 | loss: 4.0043001
	speed: 0.6621s/iter; left time: 2346.5308s
	iters: 400, epoch: 14 | loss: 4.1381326
	speed: 0.6320s/iter; left time: 2176.4492s
	iters: 500, epoch: 14 | loss: 4.1342082
	speed: 0.6541s/iter; left time: 2187.4708s
Epoch: 14 cost time: 356.7059772014618
Epoch: 11, Steps: 566 | Train Loss: 1.9771577 Vali Loss: 0.1426082 Test Loss: 0.1773629
EarlyStopping counter: 6 out of 10
Updating learning rate to 0.0005973766448472253
第11轮已结束！！！
--------------------
Epoch: 11, Steps: 569 | Train Loss: 1.2357671 Vali Loss: 0.1298111 Test Loss: 0.1636801
EarlyStopping counter: 6 out of 10
Updating learning rate to 0.0005973775418515063
第11轮已结束！！！
--------------------
Epoch: 14, Steps: 549 | Train Loss: 4.1283611 Vali Loss: 0.1870654 Test Loss: 0.2190473
EarlyStopping counter: 8 out of 10
Updating learning rate to 0.0003084958495889251
第14轮已结束！！！
--------------------
	iters: 100, epoch: 14 | loss: 2.6394596
	speed: 1.9641s/iter; left time: 7518.5890s
	iters: 200, epoch: 14 | loss: 2.5466733
	speed: 0.6444s/iter; left time: 2402.4309s
	iters: 300, epoch: 14 | loss: 2.5619891
	speed: 0.6410s/iter; left time: 2325.4190s
	iters: 400, epoch: 14 | loss: 2.6122825
	speed: 0.6523s/iter; left time: 2301.2303s
	iters: 500, epoch: 14 | loss: 2.5769746
	speed: 0.6097s/iter; left time: 2090.0228s
Epoch: 14 cost time: 358.5950529575348
Epoch: 14, Steps: 561 | Train Loss: 2.5692643 Vali Loss: 0.1576501 Test Loss: 0.1881384
EarlyStopping counter: 9 out of 10
Updating learning rate to 0.0003084993830137985
第14轮已结束！！！
--------------------
	iters: 100, epoch: 15 | loss: 4.0820999
	speed: 1.7725s/iter; left time: 5663.0460s
	iters: 200, epoch: 15 | loss: 4.0357385
	speed: 0.6259s/iter; left time: 1937.2328s
	iters: 300, epoch: 15 | loss: 4.0286837
	speed: 0.7197s/iter; left time: 2155.4034s
	iters: 400, epoch: 15 | loss: 4.0923557
	speed: 0.6648s/iter; left time: 1924.6390s
	iters: 500, epoch: 15 | loss: 4.0942025
	speed: 0.6558s/iter; left time: 1833.0999s
Epoch: 15 cost time: 367.49274253845215
	iters: 100, epoch: 12 | loss: 1.8907036
	speed: 2.2497s/iter; left time: 11237.2743s
	iters: 200, epoch: 12 | loss: 1.9285541
	speed: 0.7940s/iter; left time: 3886.6571s
	iters: 300, epoch: 12 | loss: 1.9833452
	speed: 0.8051s/iter; left time: 3860.2637s
	iters: 400, epoch: 12 | loss: 1.9373869
	speed: 0.8275s/iter; left time: 3885.3195s
	iters: 500, epoch: 12 | loss: 1.9488580
	speed: 0.7957s/iter; left time: 3656.0463s
Epoch: 12 cost time: 451.77069115638733
	iters: 100, epoch: 12 | loss: 1.2242489
	speed: 2.2220s/iter; left time: 11158.9605s
	iters: 200, epoch: 12 | loss: 1.1947315
	speed: 0.7808s/iter; left time: 3843.1841s
	iters: 300, epoch: 12 | loss: 1.1957297
	speed: 0.8204s/iter; left time: 3956.1486s
	iters: 400, epoch: 12 | loss: 1.2112423
	speed: 0.8021s/iter; left time: 3787.6899s
	iters: 500, epoch: 12 | loss: 1.2022014
	speed: 0.7956s/iter; left time: 3677.0979s
Epoch: 12 cost time: 450.2507698535919
Epoch: 15, Steps: 549 | Train Loss: 4.0826799 Vali Loss: 0.1860729 Test Loss: 0.2191012
EarlyStopping counter: 9 out of 10
Updating learning rate to 0.0002220693256753801
第15轮已结束！！！
--------------------
Epoch: 12, Steps: 566 | Train Loss: 1.9305294 Vali Loss: 0.1429449 Test Loss: 0.1778520
EarlyStopping counter: 7 out of 10
Updating learning rate to 0.0004998285470392995
第12轮已结束！！！
--------------------
	iters: 100, epoch: 15 | loss: 2.4766603
	speed: 1.9572s/iter; left time: 6394.2383s
	iters: 200, epoch: 15 | loss: 2.5598280
	speed: 0.6438s/iter; left time: 2038.8815s
	iters: 300, epoch: 15 | loss: 2.5513997
	speed: 0.6565s/iter; left time: 2013.4471s
	iters: 400, epoch: 15 | loss: 2.5754163
	speed: 0.6862s/iter; left time: 2035.8883s
	iters: 500, epoch: 15 | loss: 2.5727959
	speed: 0.6251s/iter; left time: 1792.1396s
Epoch: 15 cost time: 371.2911787033081
Epoch: 12, Steps: 569 | Train Loss: 1.1979625 Vali Loss: 0.1303742 Test Loss: 0.1647533
EarlyStopping counter: 7 out of 10
Updating learning rate to 0.0004998294615539944
第12轮已结束！！！
--------------------
Epoch: 15, Steps: 561 | Train Loss: 2.5360846 Vali Loss: 0.1584248 Test Loss: 0.1892057
EarlyStopping counter: 10 out of 10
Early stopping
>>>>>>>testing : long_term_forecast_HopMixer_none_HopMixer_custom_sl96_pl336_dm16_nh4_el3_dl1_df64_fc3_ebtimeF_dtTrue_test_0<<<<<<<<<<<<<<<<<<<<<<<<<<<<<<<<<
test 4925
test shape: (4896, 336, 321) (4896, 336, 321)
test shape: (4896, 336, 321) (4896, 336, 321)
mse:0.1810588836669922, mae:0.28162267804145813
	iters: 100, epoch: 16 | loss: 4.0536604
	speed: 1.8536s/iter; left time: 4904.5534s
	iters: 200, epoch: 16 | loss: 4.0050387
	speed: 0.6125s/iter; left time: 1559.4595s
	iters: 300, epoch: 16 | loss: 4.0954485
	speed: 0.6182s/iter; left time: 1512.0006s
	iters: 400, epoch: 16 | loss: 3.9719560
	speed: 0.5382s/iter; left time: 1262.6115s
	iters: 500, epoch: 16 | loss: 4.0595222
	speed: 0.5242s/iter; left time: 1177.4471s
Epoch: 16 cost time: 319.89716720581055
Epoch: 16, Steps: 549 | Train Loss: 4.0482608 Vali Loss: 0.1856072 Test Loss: 0.2197218
EarlyStopping counter: 10 out of 10
Early stopping
>>>>>>>testing : long_term_forecast_HopMixer_none_HopMixer_custom_sl96_pl720_dm16_nh4_el3_dl1_df64_fc3_ebtimeF_dtTrue_test_0<<<<<<<<<<<<<<<<<<<<<<<<<<<<<<<<<
test 4541
	iters: 100, epoch: 13 | loss: 1.9089584
	speed: 2.2422s/iter; left time: 9930.7041s
	iters: 200, epoch: 13 | loss: 1.8778824
	speed: 0.8144s/iter; left time: 3525.5163s
	iters: 300, epoch: 13 | loss: 1.8896855
	speed: 0.7888s/iter; left time: 3335.7440s
	iters: 400, epoch: 13 | loss: 1.9023701
	speed: 0.8039s/iter; left time: 3319.2866s
	iters: 500, epoch: 13 | loss: 1.8838125
	speed: 0.8106s/iter; left time: 3265.8379s
Epoch: 13 cost time: 454.02229404449463
test shape: (4512, 720, 321) (4512, 720, 321)
test shape: (4512, 720, 321) (4512, 720, 321)
mse:0.20965327322483063, mae:0.30812519788742065
	iters: 100, epoch: 13 | loss: 1.1720358
	speed: 2.2380s/iter; left time: 9965.6280s
	iters: 200, epoch: 13 | loss: 1.1625021
	speed: 0.7990s/iter; left time: 3477.9889s
	iters: 300, epoch: 13 | loss: 1.1805832
	speed: 0.7879s/iter; left time: 3351.1207s
	iters: 400, epoch: 13 | loss: 1.1859825
	speed: 0.7959s/iter; left time: 3305.2037s
	iters: 500, epoch: 13 | loss: 1.1254679
	speed: 0.8054s/iter; left time: 3264.3119s
Epoch: 13 cost time: 450.83894658088684
Epoch: 13, Steps: 566 | Train Loss: 1.8908863 Vali Loss: 0.1433211 Test Loss: 0.1780559
EarlyStopping counter: 8 out of 10
Updating learning rate to 0.0004022871149313799
第13轮已结束！！！
--------------------
Epoch: 13, Steps: 569 | Train Loss: 1.1655549 Vali Loss: 0.1309734 Test Loss: 0.1659758
EarlyStopping counter: 8 out of 10
Updating learning rate to 0.0004022880118122018
第13轮已结束！！！
--------------------
	iters: 100, epoch: 14 | loss: 1.9175334
	speed: 2.1990s/iter; left time: 8494.6763s
	iters: 200, epoch: 14 | loss: 1.8402439
	speed: 0.8317s/iter; left time: 3129.8561s
	iters: 300, epoch: 14 | loss: 1.9159969
	speed: 0.8034s/iter; left time: 2942.9815s
	iters: 400, epoch: 14 | loss: 1.8653271
	speed: 0.8102s/iter; left time: 2886.8943s
	iters: 500, epoch: 14 | loss: 1.8341372
	speed: 0.7825s/iter; left time: 2709.7330s
Epoch: 14 cost time: 450.4675726890564
	iters: 100, epoch: 14 | loss: 1.1554023
	speed: 2.2547s/iter; left time: 8757.0980s
	iters: 200, epoch: 14 | loss: 1.1371282
	speed: 0.8142s/iter; left time: 3080.9422s
	iters: 300, epoch: 14 | loss: 1.1336021
	speed: 0.7934s/iter; left time: 2922.7553s
	iters: 400, epoch: 14 | loss: 1.1232427
	speed: 0.7845s/iter; left time: 2811.7497s
	iters: 500, epoch: 14 | loss: 1.1304796
	speed: 0.7770s/iter; left time: 2706.9986s
Epoch: 14 cost time: 448.8069591522217
Epoch: 14, Steps: 566 | Train Loss: 1.8570652 Vali Loss: 0.1441758 Test Loss: 0.1791120
EarlyStopping counter: 9 out of 10
Updating learning rate to 0.0003085008110575084
第14轮已结束！！！
--------------------
Epoch: 14, Steps: 569 | Train Loss: 1.1373245 Vali Loss: 0.1321375 Test Loss: 0.1673255
EarlyStopping counter: 9 out of 10
Updating learning rate to 0.0003085016558378303
第14轮已结束！！！
--------------------
	iters: 100, epoch: 15 | loss: 1.8538845
	speed: 2.1678s/iter; left time: 7147.1375s
	iters: 200, epoch: 15 | loss: 1.8003192
	speed: 0.8262s/iter; left time: 2641.5122s
	iters: 300, epoch: 15 | loss: 1.8401619
	speed: 0.8206s/iter; left time: 2541.2505s
	iters: 400, epoch: 15 | loss: 1.7665260
	speed: 0.7765s/iter; left time: 2327.1375s
	iters: 500, epoch: 15 | loss: 1.8170213
	speed: 0.8141s/iter; left time: 2358.4104s
Epoch: 15 cost time: 452.3511233329773
	iters: 100, epoch: 15 | loss: 1.1176169
	speed: 2.2039s/iter; left time: 7306.0568s
	iters: 200, epoch: 15 | loss: 1.1311637
	speed: 0.8111s/iter; left time: 2607.6948s
	iters: 300, epoch: 15 | loss: 1.0984194
	speed: 0.8097s/iter; left time: 2522.1997s
	iters: 400, epoch: 15 | loss: 1.0961194
	speed: 0.7535s/iter; left time: 2271.8422s
	iters: 500, epoch: 15 | loss: 1.0804580
	speed: 0.7958s/iter; left time: 2319.8599s
Epoch: 15 cost time: 449.7363317012787
Epoch: 15, Steps: 566 | Train Loss: 1.8288431 Vali Loss: 0.1448149 Test Loss: 0.1799626
EarlyStopping counter: 10 out of 10
Early stopping
>>>>>>>testing : long_term_forecast_HopMixer_none_HopMixer_custom_sl96_pl192_dm16_nh4_el3_dl1_df64_fc3_ebtimeF_dtTrue_test_0<<<<<<<<<<<<<<<<<<<<<<<<<<<<<<<<<
test 5069
Epoch: 15, Steps: 569 | Train Loss: 1.1145269 Vali Loss: 0.1328490 Test Loss: 0.1679857
EarlyStopping counter: 10 out of 10
Early stopping
>>>>>>>testing : long_term_forecast_HopMixer_none_HopMixer_custom_sl96_pl96_dm16_nh4_el3_dl1_df64_fc3_ebtimeF_dtTrue_test_0<<<<<<<<<<<<<<<<<<<<<<<<<<<<<<<<<
test 5165
test shape: (5056, 192, 321) (5056, 192, 321)
test shape: (5056, 192, 321) (5056, 192, 321)
mse:0.16989140212535858, mae:0.2696467638015747
test shape: (5152, 96, 321) (5152, 96, 321)
test shape: (5152, 96, 321) (5152, 96, 321)
mse:0.15294016897678375, mae:0.2543150782585144
Args in experiment:
Namespace(activation='gelu', batch_size=32, c_out=321, channel_independence=0, checkpoints='./checkpoints/', comment='none', d_ff=64, d_layers=1, d_model=16, data='custom', data_path='electricity.csv', dec_in=321, decomp_method='moving_avg', des='test', device_ids=[2], devices='0,1,2,3', distil=True, down_sampling_layers=3, down_sampling_method='avg', down_sampling_window=2, dropout=0.1, e_layers=3, embed='timeF', enc_in=321, factor=3, features='M', freq='h', gpu=2, inverse=False, is_training=1, itr=1, label_len=0, learning_rate=0.001, loss='MSE', lradj='TST', model='HopMixer', model_id='HopMixer', moving_avg=25, n_heads=4, num_kernels=6, num_workers=10, output_attention=False, p_hidden_dims=[128, 128], p_hidden_layers=2, patience=10, pct_start=0.2, pred_len=96, root_path='./data/electricity/', seasonal_patterns='Monthly', seq_len=96, t_model=512, target='OT', task_name='long_term_forecast', time_d=4, top_k=5, train_epochs=20, use_amp=False, use_future_temporal_feature=0, use_gpu=True, use_multi_gpu=True, use_norm=1)
Use GPU: cuda[2]
>>>>>>>start training : long_term_forecast_HopMixer_none_HopMixer_custom_sl96_pl96_dm16_nh4_el3_dl1_df64_fc3_ebtimeF_dtTrue_test_0>>>>>>>>>>>>>>>>>>>>>>>>>>
train 18221
val 2537
test 5165
Args in experiment:
Namespace(activation='gelu', batch_size=32, c_out=321, channel_independence=0, checkpoints='./checkpoints/', comment='none', d_ff=64, d_layers=1, d_model=16, data='custom', data_path='electricity.csv', dec_in=321, decomp_method='moving_avg', des='test', device_ids=[2], devices='0,1,2,3', distil=True, down_sampling_layers=3, down_sampling_method='avg', down_sampling_window=2, dropout=0.1, e_layers=3, embed='timeF', enc_in=321, factor=3, features='M', freq='h', gpu=2, inverse=False, is_training=1, itr=1, label_len=0, learning_rate=0.001, loss='MSE', lradj='TST', model='HopMixer', model_id='HopMixer', moving_avg=25, n_heads=4, num_kernels=6, num_workers=10, output_attention=False, p_hidden_dims=[128, 128], p_hidden_layers=2, patience=10, pct_start=0.2, pred_len=192, root_path='./data/electricity/', seasonal_patterns='Monthly', seq_len=96, t_model=512, target='OT', task_name='long_term_forecast', time_d=4, top_k=5, train_epochs=20, use_amp=False, use_future_temporal_feature=0, use_gpu=True, use_multi_gpu=True, use_norm=1)
Use GPU: cuda[2]
>>>>>>>start training : long_term_forecast_HopMixer_none_HopMixer_custom_sl96_pl192_dm16_nh4_el3_dl1_df64_fc3_ebtimeF_dtTrue_test_0>>>>>>>>>>>>>>>>>>>>>>>>>>
train 18125
val 2441
test 5069
Args in experiment:
Namespace(activation='gelu', batch_size=32, c_out=321, channel_independence=0, checkpoints='./checkpoints/', comment='none', d_ff=64, d_layers=1, d_model=16, data='custom', data_path='electricity.csv', dec_in=321, decomp_method='moving_avg', des='test', device_ids=[3], devices='0,1,2,3', distil=True, down_sampling_layers=3, down_sampling_method='avg', down_sampling_window=2, dropout=0.1, e_layers=3, embed='timeF', enc_in=321, factor=3, features='M', freq='h', gpu=3, inverse=False, is_training=1, itr=1, label_len=0, learning_rate=0.001, loss='MSE', lradj='TST', model='HopMixer', model_id='HopMixer', moving_avg=25, n_heads=4, num_kernels=6, num_workers=10, output_attention=False, p_hidden_dims=[128, 128], p_hidden_layers=2, patience=10, pct_start=0.2, pred_len=336, root_path='./data/electricity/', seasonal_patterns='Monthly', seq_len=96, t_model=512, target='OT', task_name='long_term_forecast', time_d=4, top_k=5, train_epochs=20, use_amp=False, use_future_temporal_feature=0, use_gpu=True, use_multi_gpu=True, use_norm=1)
Use GPU: cuda[3]
>>>>>>>start training : long_term_forecast_HopMixer_none_HopMixer_custom_sl96_pl336_dm16_nh4_el3_dl1_df64_fc3_ebtimeF_dtTrue_test_0>>>>>>>>>>>>>>>>>>>>>>>>>>
train 17981
val 2297
test 4925
Args in experiment:
Namespace(activation='gelu', batch_size=32, c_out=321, channel_independence=0, checkpoints='./checkpoints/', comment='none', d_ff=64, d_layers=1, d_model=16, data='custom', data_path='electricity.csv', dec_in=321, decomp_method='moving_avg', des='test', device_ids=[3], devices='0,1,2,3', distil=True, down_sampling_layers=3, down_sampling_method='avg', down_sampling_window=2, dropout=0.1, e_layers=3, embed='timeF', enc_in=321, factor=3, features='M', freq='h', gpu=3, inverse=False, is_training=1, itr=1, label_len=0, learning_rate=0.001, loss='MSE', lradj='TST', model='HopMixer', model_id='HopMixer', moving_avg=25, n_heads=4, num_kernels=6, num_workers=10, output_attention=False, p_hidden_dims=[128, 128], p_hidden_layers=2, patience=10, pct_start=0.2, pred_len=720, root_path='./data/electricity/', seasonal_patterns='Monthly', seq_len=96, t_model=512, target='OT', task_name='long_term_forecast', time_d=4, top_k=5, train_epochs=20, use_amp=False, use_future_temporal_feature=0, use_gpu=True, use_multi_gpu=True, use_norm=1)
Use GPU: cuda[3]
>>>>>>>start training : long_term_forecast_HopMixer_none_HopMixer_custom_sl96_pl720_dm16_nh4_el3_dl1_df64_fc3_ebtimeF_dtTrue_test_0>>>>>>>>>>>>>>>>>>>>>>>>>>
train 17597
val 1913
test 4541
	iters: 100, epoch: 1 | loss: 5.9279189
	speed: 0.6334s/iter; left time: 7044.0244s
	iters: 200, epoch: 1 | loss: 4.8358355
	speed: 0.6967s/iter; left time: 7678.0787s
	iters: 300, epoch: 1 | loss: 4.1902432
	speed: 0.6910s/iter; left time: 7546.5907s
	iters: 400, epoch: 1 | loss: 4.1481118
	speed: 0.6952s/iter; left time: 7522.6602s
	iters: 500, epoch: 1 | loss: 3.8038924
	speed: 0.7025s/iter; left time: 7531.5206s
Epoch: 1 cost time: 387.0577120780945
	iters: 100, epoch: 1 | loss: 3.1255832
	speed: 0.6702s/iter; left time: 7560.6016s
	iters: 200, epoch: 1 | loss: 2.7680383
	speed: 0.7684s/iter; left time: 8591.1083s
	iters: 300, epoch: 1 | loss: 2.3821392
	speed: 0.7550s/iter; left time: 8366.3861s
	iters: 400, epoch: 1 | loss: 2.2254512
	speed: 0.7860s/iter; left time: 8631.1708s
	iters: 500, epoch: 1 | loss: 2.1336367
	speed: 0.7565s/iter; left time: 8231.0992s
Epoch: 1 cost time: 432.5825870037079
	iters: 100, epoch: 1 | loss: 4.4968200
	speed: 0.7244s/iter; left time: 8128.8499s
	iters: 200, epoch: 1 | loss: 3.6297293
	speed: 0.7369s/iter; left time: 8194.9720s
	iters: 300, epoch: 1 | loss: 3.2606139
	speed: 0.7434s/iter; left time: 8192.5135s
	iters: 400, epoch: 1 | loss: 3.0150492
	speed: 0.7688s/iter; left time: 8396.2887s
	iters: 500, epoch: 1 | loss: 2.9376602
	speed: 0.7558s/iter; left time: 8177.9872s
Epoch: 1 cost time: 426.1951012611389
	iters: 100, epoch: 1 | loss: 8.3466969
	speed: 0.7081s/iter; left time: 7704.6034s
	iters: 200, epoch: 1 | loss: 6.9874249
	speed: 0.7367s/iter; left time: 7942.6441s
	iters: 300, epoch: 1 | loss: 6.5600662
	speed: 0.7198s/iter; left time: 7688.6250s
	iters: 400, epoch: 1 | loss: 5.9206052
	speed: 0.7605s/iter; left time: 8046.8189s
	iters: 500, epoch: 1 | loss: 5.7463059
	speed: 0.7425s/iter; left time: 7781.8426s
Epoch: 1 cost time: 402.8668837547302
Epoch: 1, Steps: 561 | Train Loss: 4.8667968 Vali Loss: 0.1839131 Test Loss: 0.2084236
Validation loss decreased (inf --> 0.183913).  Saving model ...
Updating learning rate to 0.00018070761245881273
第1轮已结束！！！
--------------------
Epoch: 1, Steps: 566 | Train Loss: 3.7361703 Vali Loss: 0.1680426 Test Loss: 0.1921639
Validation loss decreased (inf --> 0.168043).  Saving model ...
Updating learning rate to 0.0001807065617469519
第1轮已结束！！！
--------------------
Epoch: 1, Steps: 549 | Train Loss: 7.1257853 Vali Loss: 0.2184958 Test Loss: 0.2500088
Validation loss decreased (inf --> 0.218496).  Saving model ...
Updating learning rate to 0.00018071021230250993
第1轮已结束！！！
--------------------
Epoch: 1, Steps: 569 | Train Loss: 2.7059296 Vali Loss: 0.1664655 Test Loss: 0.1898617
Validation loss decreased (inf --> 0.166466).  Saving model ...
Updating learning rate to 0.0001807059401889113
第1轮已结束！！！
--------------------
	iters: 100, epoch: 2 | loss: 3.7783687
	speed: 2.3385s/iter; left time: 24695.0100s
	iters: 200, epoch: 2 | loss: 3.6386995
	speed: 0.6878s/iter; left time: 7194.5970s
	iters: 300, epoch: 2 | loss: 3.5683951
	speed: 0.6705s/iter; left time: 6946.2992s
	iters: 400, epoch: 2 | loss: 3.6202765
	speed: 0.6705s/iter; left time: 6879.3150s
	iters: 500, epoch: 2 | loss: 3.4727492
	speed: 0.7044s/iter; left time: 7156.7923s
Epoch: 2 cost time: 393.0318784713745
	iters: 100, epoch: 2 | loss: 5.5829835
	speed: 2.2919s/iter; left time: 23680.1364s
	iters: 200, epoch: 2 | loss: 5.5105562
	speed: 0.7241s/iter; left time: 7408.9843s
	iters: 300, epoch: 2 | loss: 5.4438219
	speed: 0.6782s/iter; left time: 6871.9475s
	iters: 400, epoch: 2 | loss: 5.3098741
	speed: 0.6933s/iter; left time: 6955.5591s
	iters: 500, epoch: 2 | loss: 5.3125949
	speed: 0.7344s/iter; left time: 7293.6259s
Epoch: 2 cost time: 388.4984097480774
	iters: 100, epoch: 2 | loss: 2.7567391
	speed: 2.4452s/iter; left time: 26053.2363s
	iters: 200, epoch: 2 | loss: 2.8225720
	speed: 0.7607s/iter; left time: 8029.7096s
	iters: 300, epoch: 2 | loss: 2.7325127
	speed: 0.7262s/iter; left time: 7591.9771s
	iters: 400, epoch: 2 | loss: 2.6107850
	speed: 0.7762s/iter; left time: 8037.3531s
	iters: 500, epoch: 2 | loss: 2.6957920
	speed: 0.7771s/iter; left time: 7968.7332s
Epoch: 2 cost time: 432.3362703323364
Epoch: 2, Steps: 561 | Train Loss: 3.6628810 Vali Loss: 0.1678134 Test Loss: 0.1939741
Validation loss decreased (0.183913 --> 0.167813).  Saving model ...
Updating learning rate to 0.0005203361489858366
第2轮已结束！！！
--------------------
	iters: 100, epoch: 2 | loss: 2.0776131
	speed: 2.7191s/iter; left time: 29127.2685s
	iters: 200, epoch: 2 | loss: 1.9289914
	speed: 0.7810s/iter; left time: 8287.4781s
	iters: 300, epoch: 2 | loss: 1.9030775
	speed: 0.7509s/iter; left time: 7893.4085s
	iters: 400, epoch: 2 | loss: 1.8991686
	speed: 0.8446s/iter; left time: 8793.9039s
	iters: 500, epoch: 2 | loss: 1.8139955
	speed: 0.8084s/iter; left time: 8336.2671s
Epoch: 2 cost time: 459.281765460968
Epoch: 2, Steps: 549 | Train Loss: 5.4856965 Vali Loss: 0.2084099 Test Loss: 0.2360632
Validation loss decreased (0.218496 --> 0.208410).  Saving model ...
Updating learning rate to 0.0005203434998508004
第2轮已结束！！！
--------------------
Epoch: 2, Steps: 566 | Train Loss: 2.7743229 Vali Loss: 0.1465035 Test Loss: 0.1711864
Validation loss decreased (0.168043 --> 0.146503).  Saving model ...
Updating learning rate to 0.0005203331781601043
第2轮已结束！！！
--------------------
Epoch: 2, Steps: 569 | Train Loss: 1.9659361 Vali Loss: 0.1336672 Test Loss: 0.1573706
Validation loss decreased (0.166466 --> 0.133667).  Saving model ...
Updating learning rate to 0.0005203314207371222
第2轮已结束！！！
--------------------
	iters: 100, epoch: 3 | loss: 3.5578527
	speed: 2.2080s/iter; left time: 22077.6597s
	iters: 200, epoch: 3 | loss: 3.5851622
	speed: 0.7304s/iter; left time: 7230.6531s
	iters: 300, epoch: 3 | loss: 3.4120805
	speed: 0.6394s/iter; left time: 6265.9629s
	iters: 400, epoch: 3 | loss: 3.4046276
	speed: 0.6584s/iter; left time: 6385.4989s
	iters: 500, epoch: 3 | loss: 3.3254924
	speed: 0.7377s/iter; left time: 7081.2944s
Epoch: 3 cost time: 395.77145314216614
	iters: 100, epoch: 3 | loss: 5.3566623
	speed: 2.1058s/iter; left time: 20600.6889s
	iters: 200, epoch: 3 | loss: 5.0835371
	speed: 0.7431s/iter; left time: 7195.1799s
	iters: 300, epoch: 3 | loss: 5.0060492
	speed: 0.6192s/iter; left time: 5933.3933s
	iters: 400, epoch: 3 | loss: 5.0647864
	speed: 0.7251s/iter; left time: 6875.9405s
	iters: 500, epoch: 3 | loss: 5.1462660
	speed: 0.6889s/iter; left time: 6463.7528s
Epoch: 3 cost time: 386.30573773384094
Epoch: 3, Steps: 561 | Train Loss: 3.4595549 Vali Loss: 0.1585517 Test Loss: 0.1860137
Validation loss decreased (0.167813 --> 0.158552).  Saving model ...
Updating learning rate to 0.000859767607507746
第3轮已结束！！！
--------------------
Epoch: 3, Steps: 549 | Train Loss: 5.1954385 Vali Loss: 0.1896136 Test Loss: 0.2198260
Validation loss decreased (0.208410 --> 0.189614).  Saving model ...
Updating learning rate to 0.0008597753959952076
第3轮已结束！！！
--------------------
	iters: 100, epoch: 3 | loss: 2.5670373
	speed: 2.3713s/iter; left time: 23923.9056s
	iters: 200, epoch: 3 | loss: 2.4730356
	speed: 0.7478s/iter; left time: 7469.5419s
	iters: 300, epoch: 3 | loss: 2.5210834
	speed: 0.8350s/iter; left time: 8256.8544s
	iters: 400, epoch: 3 | loss: 2.5317044
	speed: 0.7254s/iter; left time: 7100.5472s
	iters: 500, epoch: 3 | loss: 2.5250823
	speed: 0.7696s/iter; left time: 7456.9211s
Epoch: 3 cost time: 436.88640308380127
	iters: 100, epoch: 3 | loss: 1.7554457
	speed: 2.5358s/iter; left time: 25720.9030s
	iters: 200, epoch: 3 | loss: 1.8645893
	speed: 0.7738s/iter; left time: 7771.7029s
	iters: 300, epoch: 3 | loss: 1.8017160
	speed: 0.8071s/iter; left time: 8024.5595s
	iters: 400, epoch: 3 | loss: 1.8060598
	speed: 0.7876s/iter; left time: 7752.5677s
	iters: 500, epoch: 3 | loss: 1.8370227
	speed: 0.8529s/iter; left time: 8310.0999s
Epoch: 3 cost time: 454.32592582702637
Epoch: 3, Steps: 566 | Train Loss: 2.5676337 Vali Loss: 0.1396021 Test Loss: 0.1659558
Validation loss decreased (0.146503 --> 0.139602).  Saving model ...
Updating learning rate to 0.0008597644597676008
第3轮已结束！！！
--------------------
Epoch: 3, Steps: 569 | Train Loss: 1.7915226 Vali Loss: 0.1313999 Test Loss: 0.1570009
Validation loss decreased (0.133667 --> 0.131400).  Saving model ...
Updating learning rate to 0.0008597625976752713
第3轮已结束！！！
--------------------
	iters: 100, epoch: 4 | loss: 3.3670409
	speed: 2.1781s/iter; left time: 20556.9055s
	iters: 200, epoch: 4 | loss: 3.4210544
	speed: 0.7746s/iter; left time: 7233.0344s
	iters: 300, epoch: 4 | loss: 3.4755456
	speed: 0.6979s/iter; left time: 6447.6565s
	iters: 400, epoch: 4 | loss: 3.1716564
	speed: 0.6521s/iter; left time: 5959.0719s
	iters: 500, epoch: 4 | loss: 3.3085258
	speed: 0.6836s/iter; left time: 6178.3112s
Epoch: 4 cost time: 399.4323766231537
	iters: 100, epoch: 4 | loss: 5.0462556
	speed: 2.0547s/iter; left time: 18973.0552s
	iters: 200, epoch: 4 | loss: 5.0835624
	speed: 0.7621s/iter; left time: 6960.6337s
	iters: 300, epoch: 4 | loss: 5.0718770
	speed: 0.6858s/iter; left time: 6195.9547s
	iters: 400, epoch: 4 | loss: 5.0529971
	speed: 0.6864s/iter; left time: 6132.5656s
	iters: 500, epoch: 4 | loss: 5.0806370
	speed: 0.7124s/iter; left time: 6293.3916s
Epoch: 4 cost time: 396.554368019104
Epoch: 4, Steps: 561 | Train Loss: 3.3606933 Vali Loss: 0.1572026 Test Loss: 0.1836003
Validation loss decreased (0.158552 --> 0.157203).  Saving model ...
Updating learning rate to 0.0009999999693752662
第4轮已结束！！！
--------------------
Epoch: 4, Steps: 549 | Train Loss: 5.0506617 Vali Loss: 0.1893660 Test Loss: 0.2174850
Validation loss decreased (0.189614 --> 0.189366).  Saving model ...
Updating learning rate to 0.0009999999680218483
第4轮已结束！！！
--------------------
	iters: 100, epoch: 4 | loss: 2.6243575
	speed: 2.2698s/iter; left time: 21615.0485s
	iters: 200, epoch: 4 | loss: 2.6013794
	speed: 0.7565s/iter; left time: 7128.9312s
	iters: 300, epoch: 4 | loss: 2.4155066
	speed: 0.7403s/iter; left time: 6901.7168s
	iters: 400, epoch: 4 | loss: 2.3961349
	speed: 0.7489s/iter; left time: 6907.0305s
	iters: 500, epoch: 4 | loss: 2.4698048
	speed: 0.8029s/iter; left time: 7324.5483s
Epoch: 4 cost time: 428.9583549499512
Epoch: 4, Steps: 566 | Train Loss: 2.4762785 Vali Loss: 0.1413533 Test Loss: 0.1744075
EarlyStopping counter: 1 out of 10
Updating learning rate to 0.0009999999699139492
第4轮已结束！！！
--------------------
	iters: 100, epoch: 4 | loss: 1.7244306
	speed: 2.4764s/iter; left time: 23709.3960s
	iters: 200, epoch: 4 | loss: 1.6498026
	speed: 0.7662s/iter; left time: 7259.0769s
	iters: 300, epoch: 4 | loss: 1.8358203
	speed: 0.7983s/iter; left time: 7482.8409s
	iters: 400, epoch: 4 | loss: 1.7142295
	speed: 0.9015s/iter; left time: 8360.6892s
	iters: 500, epoch: 4 | loss: 1.6494604
	speed: 0.7249s/iter; left time: 6649.8525s
Epoch: 4 cost time: 450.6618504524231
Epoch: 4, Steps: 569 | Train Loss: 1.6959512 Vali Loss: 0.1287260 Test Loss: 0.1574737
Validation loss decreased (0.131400 --> 0.128726).  Saving model ...
Updating learning rate to 0.0009999999702303647
第4轮已结束！！！
--------------------
	iters: 100, epoch: 5 | loss: 4.9615011
	speed: 1.9197s/iter; left time: 16672.5718s
	iters: 200, epoch: 5 | loss: 5.0978079
	speed: 0.7123s/iter; left time: 6114.7150s
	iters: 300, epoch: 5 | loss: 4.8556457
	speed: 0.7534s/iter; left time: 6392.2133s
	iters: 400, epoch: 5 | loss: 4.9949818
	speed: 0.7309s/iter; left time: 6128.2731s
	iters: 500, epoch: 5 | loss: 4.8143182
	speed: 0.7297s/iter; left time: 6045.4794s
Epoch: 5 cost time: 396.26302695274353
	iters: 100, epoch: 5 | loss: 3.3200209
	speed: 2.1310s/iter; left time: 18916.6785s
	iters: 200, epoch: 5 | loss: 3.1923907
	speed: 0.7150s/iter; left time: 6275.8905s
	iters: 300, epoch: 5 | loss: 3.2394068
	speed: 0.7611s/iter; left time: 6603.8289s
	iters: 400, epoch: 5 | loss: 3.2194083
	speed: 0.7479s/iter; left time: 6415.0152s
	iters: 500, epoch: 5 | loss: 3.2396388
	speed: 0.7050s/iter; left time: 5976.5453s
Epoch: 5 cost time: 403.1298406124115
Epoch: 5, Steps: 549 | Train Loss: 4.9282764 Vali Loss: 0.1846709 Test Loss: 0.2159550
Validation loss decreased (0.189366 --> 0.184671).  Saving model ...
Updating learning rate to 0.0009903577604357403
第5轮已结束！！！
--------------------
Epoch: 5, Steps: 561 | Train Loss: 3.2619415 Vali Loss: 0.1557937 Test Loss: 0.1866683
Validation loss decreased (0.157203 --> 0.155794).  Saving model ...
Updating learning rate to 0.0009903585080055092
第5轮已结束！！！
--------------------
	iters: 100, epoch: 5 | loss: 2.4703708
	speed: 2.2451s/iter; left time: 20109.4236s
	iters: 200, epoch: 5 | loss: 2.4136186
	speed: 0.7515s/iter; left time: 6655.8131s
	iters: 300, epoch: 5 | loss: 2.3355510
	speed: 0.8296s/iter; left time: 7264.5480s
	iters: 400, epoch: 5 | loss: 2.3198347
	speed: 0.8241s/iter; left time: 7133.8088s
	iters: 500, epoch: 5 | loss: 2.2436686
	speed: 0.7626s/iter; left time: 6525.3549s
Epoch: 5 cost time: 438.36490774154663
Epoch: 5, Steps: 566 | Train Loss: 2.3518029 Vali Loss: 0.1389881 Test Loss: 0.1702741
Validation loss decreased (0.139602 --> 0.138988).  Saving model ...
Updating learning rate to 0.000990358810129141
第5轮已结束！！！
--------------------
	iters: 100, epoch: 5 | loss: 1.6217045
	speed: 2.4542s/iter; left time: 22100.1794s
	iters: 200, epoch: 5 | loss: 1.6083516
	speed: 0.8494s/iter; left time: 7563.9111s
	iters: 300, epoch: 5 | loss: 1.6051222
	speed: 0.8971s/iter; left time: 7899.1115s
	iters: 400, epoch: 5 | loss: 1.5403470
	speed: 0.7448s/iter; left time: 6483.7483s
	iters: 500, epoch: 5 | loss: 1.4912153
	speed: 0.7489s/iter; left time: 6444.0844s
Epoch: 5 cost time: 458.6526198387146
Epoch: 5, Steps: 569 | Train Loss: 1.5896719 Vali Loss: 0.1247979 Test Loss: 0.1536478
Validation loss decreased (0.128726 --> 0.124798).  Saving model ...
Updating learning rate to 0.0009903589888524428
第5轮已结束！！！
--------------------
	iters: 100, epoch: 6 | loss: 4.7579470
	speed: 1.9368s/iter; left time: 15757.9105s
	iters: 200, epoch: 6 | loss: 4.9380465
	speed: 0.7558s/iter; left time: 6073.7195s
	iters: 300, epoch: 6 | loss: 4.6461835
	speed: 0.7322s/iter; left time: 5811.0496s
	iters: 400, epoch: 6 | loss: 4.7020802
	speed: 0.6965s/iter; left time: 5457.4111s
	iters: 500, epoch: 6 | loss: 4.7449684
	speed: 0.6950s/iter; left time: 5376.3816s
Epoch: 6 cost time: 389.96451592445374
	iters: 100, epoch: 6 | loss: 3.0984221
	speed: 2.1012s/iter; left time: 17473.6472s
	iters: 200, epoch: 6 | loss: 3.1744089
	speed: 0.7747s/iter; left time: 6364.8410s
	iters: 300, epoch: 6 | loss: 3.0896385
	speed: 0.6998s/iter; left time: 5679.9628s
	iters: 400, epoch: 6 | loss: 3.0242181
	speed: 0.7196s/iter; left time: 5768.2768s
	iters: 500, epoch: 6 | loss: 3.0024800
	speed: 0.7015s/iter; left time: 5552.7479s
Epoch: 6 cost time: 400.23050904273987
Epoch: 6, Steps: 549 | Train Loss: 4.7276228 Vali Loss: 0.1880523 Test Loss: 0.2133628
EarlyStopping counter: 1 out of 10
Updating learning rate to 0.0009618714559707653
第6轮已结束！！！
--------------------
Epoch: 6, Steps: 561 | Train Loss: 3.0979296 Vali Loss: 0.1549500 Test Loss: 0.1849993
Validation loss decreased (0.155794 --> 0.154950).  Saving model ...
Updating learning rate to 0.0009618729210281983
第6轮已结束！！！
--------------------
	iters: 100, epoch: 6 | loss: 2.2629561
	speed: 2.2311s/iter; left time: 18720.8716s
	iters: 200, epoch: 6 | loss: 2.3245578
	speed: 0.6928s/iter; left time: 5743.9039s
	iters: 300, epoch: 6 | loss: 2.2206802
	speed: 0.7737s/iter; left time: 6337.2006s
	iters: 400, epoch: 6 | loss: 2.2070413
	speed: 0.8119s/iter; left time: 6569.3340s
	iters: 500, epoch: 6 | loss: 2.1618211
	speed: 0.7204s/iter; left time: 5756.6442s
Epoch: 6 cost time: 418.2402584552765
Epoch: 6, Steps: 566 | Train Loss: 2.2255541 Vali Loss: 0.1382561 Test Loss: 0.1691430
Validation loss decreased (0.138988 --> 0.138256).  Saving model ...
Updating learning rate to 0.000961873513126337
第6轮已结束！！！
--------------------
	iters: 100, epoch: 6 | loss: 1.5443083
	speed: 2.3484s/iter; left time: 19811.2569s
	iters: 200, epoch: 6 | loss: 1.5023133
	speed: 0.8961s/iter; left time: 7469.4814s
	iters: 300, epoch: 6 | loss: 1.4756405
	speed: 0.7443s/iter; left time: 6129.7365s
	iters: 400, epoch: 6 | loss: 1.4833889
	speed: 0.7095s/iter; left time: 5772.6250s
	iters: 500, epoch: 6 | loss: 1.4307344
	speed: 0.6970s/iter; left time: 5600.6984s
Epoch: 6 cost time: 433.79371452331543
	iters: 100, epoch: 7 | loss: 4.6653051
	speed: 1.9386s/iter; left time: 14708.0015s
	iters: 200, epoch: 7 | loss: 4.6919851
	speed: 0.6832s/iter; left time: 5115.3867s
	iters: 300, epoch: 7 | loss: 4.5287123
	speed: 0.6970s/iter; left time: 5149.0102s
	iters: 400, epoch: 7 | loss: 4.5217023
	speed: 0.6886s/iter; left time: 5017.5078s
	iters: 500, epoch: 7 | loss: 4.4980574
	speed: 0.7480s/iter; left time: 5375.5194s
Epoch: 7 cost time: 385.52316403388977
Epoch: 6, Steps: 569 | Train Loss: 1.4913314 Vali Loss: 0.1257920 Test Loss: 0.1549260
EarlyStopping counter: 1 out of 10
Updating learning rate to 0.0009618738633882892
第6轮已结束！！！
--------------------
	iters: 100, epoch: 7 | loss: 2.9612105
	speed: 2.0722s/iter; left time: 16069.8027s
	iters: 200, epoch: 7 | loss: 2.9873888
	speed: 0.7138s/iter; left time: 5464.2953s
	iters: 300, epoch: 7 | loss: 2.9441836
	speed: 0.6872s/iter; left time: 5191.5531s
	iters: 400, epoch: 7 | loss: 2.9969084
	speed: 0.7295s/iter; left time: 5438.7481s
	iters: 500, epoch: 7 | loss: 2.8487494
	speed: 0.7497s/iter; left time: 5513.9299s
Epoch: 7 cost time: 397.5343837738037
Epoch: 7, Steps: 549 | Train Loss: 4.5652722 Vali Loss: 0.1861694 Test Loss: 0.2146802
EarlyStopping counter: 2 out of 10
Updating learning rate to 0.0009156357673322089
第7轮已结束！！！
--------------------
Epoch: 7, Steps: 561 | Train Loss: 2.9661515 Vali Loss: 0.1564367 Test Loss: 0.1850392
EarlyStopping counter: 1 out of 10
Updating learning rate to 0.0009156378935759703
第7轮已结束！！！
--------------------
	iters: 100, epoch: 7 | loss: 2.2204206
	speed: 2.1257s/iter; left time: 16633.9062s
	iters: 200, epoch: 7 | loss: 2.1450567
	speed: 0.7062s/iter; left time: 5455.4930s
	iters: 300, epoch: 7 | loss: 2.1914499
	speed: 0.7744s/iter; left time: 5904.7288s
	iters: 400, epoch: 7 | loss: 2.1673038
	speed: 0.8011s/iter; left time: 6028.2429s
	iters: 500, epoch: 7 | loss: 2.0376770
	speed: 0.7365s/iter; left time: 5468.2068s
Epoch: 7 cost time: 420.43799209594727
Epoch: 7, Steps: 566 | Train Loss: 2.1244627 Vali Loss: 0.1388774 Test Loss: 0.1705580
EarlyStopping counter: 1 out of 10
Updating learning rate to 0.0009156387528946166
第7轮已结束！！！
--------------------
	iters: 100, epoch: 7 | loss: 1.4170176
	speed: 2.4851s/iter; left time: 19550.4935s
	iters: 200, epoch: 7 | loss: 1.4293858
	speed: 0.7949s/iter; left time: 6174.0875s
	iters: 300, epoch: 7 | loss: 1.4411201
	speed: 0.7287s/iter; left time: 5587.1086s
	iters: 400, epoch: 7 | loss: 1.4058406
	speed: 0.7331s/iter; left time: 5547.5606s
	iters: 500, epoch: 7 | loss: 1.4107990
	speed: 0.7852s/iter; left time: 5863.2307s
Epoch: 7 cost time: 445.73037004470825
	iters: 100, epoch: 8 | loss: 4.3876805
	speed: 1.9715s/iter; left time: 13875.0885s
	iters: 200, epoch: 8 | loss: 4.5080047
	speed: 0.7205s/iter; left time: 4999.0549s
	iters: 300, epoch: 8 | loss: 4.4948244
	speed: 0.7127s/iter; left time: 4873.7584s
	iters: 400, epoch: 8 | loss: 4.4423738
	speed: 0.7213s/iter; left time: 4860.4483s
	iters: 500, epoch: 8 | loss: 4.2268891
	speed: 0.7300s/iter; left time: 4845.7234s
Epoch: 8 cost time: 395.876583814621
	iters: 100, epoch: 8 | loss: 2.9383059
	speed: 2.1214s/iter; left time: 15261.3563s
	iters: 200, epoch: 8 | loss: 2.8663123
	speed: 0.6986s/iter; left time: 4955.5573s
	iters: 300, epoch: 8 | loss: 2.8251743
	speed: 0.7324s/iter; left time: 5122.1767s
	iters: 400, epoch: 8 | loss: 2.7729578
	speed: 0.7107s/iter; left time: 4899.4130s
	iters: 500, epoch: 8 | loss: 2.8472378
	speed: 0.7553s/iter; left time: 5131.1739s
Epoch: 8 cost time: 408.42742800712585
Epoch: 7, Steps: 569 | Train Loss: 1.4114328 Vali Loss: 0.1249734 Test Loss: 0.1570884
EarlyStopping counter: 2 out of 10
Updating learning rate to 0.0009156392612348486
第7轮已结束！！！
--------------------
Epoch: 8, Steps: 549 | Train Loss: 4.4175523 Vali Loss: 0.1875177 Test Loss: 0.2142852
EarlyStopping counter: 3 out of 10
Updating learning rate to 0.0008534275061051777
第8轮已结束！！！
--------------------
Epoch: 8, Steps: 561 | Train Loss: 2.8580889 Vali Loss: 0.1560890 Test Loss: 0.1860066
EarlyStopping counter: 2 out of 10
Updating learning rate to 0.0008534302118249126
第8轮已结束！！！
--------------------
	iters: 100, epoch: 8 | loss: 2.0624945
	speed: 2.1966s/iter; left time: 15944.8871s
	iters: 200, epoch: 8 | loss: 2.0428591
	speed: 0.7439s/iter; left time: 5325.8770s
	iters: 300, epoch: 8 | loss: 2.0550144
	speed: 0.7503s/iter; left time: 5296.0327s
	iters: 400, epoch: 8 | loss: 2.0111740
	speed: 0.7662s/iter; left time: 5332.2184s
	iters: 500, epoch: 8 | loss: 1.9829292
	speed: 0.7239s/iter; left time: 4965.2566s
Epoch: 8 cost time: 422.61215567588806
Epoch: 8, Steps: 566 | Train Loss: 2.0384059 Vali Loss: 0.1393372 Test Loss: 0.1701614
EarlyStopping counter: 2 out of 10
Updating learning rate to 0.0008534313053409325
第8轮已结束！！！
--------------------
	iters: 100, epoch: 9 | loss: 4.2909636
	speed: 2.1234s/iter; left time: 13779.0023s
	iters: 200, epoch: 9 | loss: 4.3533797
	speed: 0.6402s/iter; left time: 4090.3561s
	iters: 300, epoch: 9 | loss: 4.3780446
	speed: 0.7154s/iter; left time: 4499.0489s
	iters: 400, epoch: 9 | loss: 4.2739754
	speed: 0.6724s/iter; left time: 4161.3703s
	iters: 500, epoch: 9 | loss: 4.2927327
	speed: 0.6864s/iter; left time: 4179.4816s
Epoch: 9 cost time: 373.684654712677
	iters: 100, epoch: 8 | loss: 1.3747362
	speed: 2.5875s/iter; left time: 18883.4651s
	iters: 200, epoch: 8 | loss: 1.3364682
	speed: 0.7456s/iter; left time: 5366.9964s
	iters: 300, epoch: 8 | loss: 1.3284460
	speed: 0.7384s/iter; left time: 5240.8686s
	iters: 400, epoch: 8 | loss: 1.3251762
	speed: 0.6792s/iter; left time: 4752.8683s
	iters: 500, epoch: 8 | loss: 1.2887106
	speed: 0.7784s/iter; left time: 5369.3810s
Epoch: 8 cost time: 431.28661942481995
	iters: 100, epoch: 9 | loss: 2.7782159
	speed: 2.1353s/iter; left time: 14163.1989s
	iters: 200, epoch: 9 | loss: 2.8041766
	speed: 0.6891s/iter; left time: 4501.9767s
	iters: 300, epoch: 9 | loss: 2.9383190
	speed: 0.6814s/iter; left time: 4383.2135s
	iters: 400, epoch: 9 | loss: 2.7562535
	speed: 0.6850s/iter; left time: 4338.0000s
	iters: 500, epoch: 9 | loss: 2.6639650
	speed: 0.6856s/iter; left time: 4273.0596s
Epoch: 9 cost time: 385.50983023643494
Epoch: 9, Steps: 549 | Train Loss: 4.2937347 Vali Loss: 0.1842416 Test Loss: 0.2141588
Validation loss decreased (0.184671 --> 0.184242).  Saving model ...
Updating learning rate to 0.0007776373008818319
第9轮已结束！！！
--------------------
Epoch: 8, Steps: 569 | Train Loss: 1.3458375 Vali Loss: 0.1260861 Test Loss: 0.1575105
EarlyStopping counter: 3 out of 10
Updating learning rate to 0.0008534319522242144
第8轮已结束！！！
--------------------
Epoch: 9, Steps: 561 | Train Loss: 2.7686800 Vali Loss: 0.1554793 Test Loss: 0.1854822
EarlyStopping counter: 3 out of 10
Updating learning rate to 0.000777640482098248
第9轮已结束！！！
--------------------
	iters: 100, epoch: 9 | loss: 2.0197303
	speed: 2.1696s/iter; left time: 14521.0017s
	iters: 200, epoch: 9 | loss: 2.0221622
	speed: 0.7867s/iter; left time: 5186.7683s
	iters: 300, epoch: 9 | loss: 1.9435794
	speed: 0.7659s/iter; left time: 4972.6731s
	iters: 400, epoch: 9 | loss: 1.9590257
	speed: 0.7281s/iter; left time: 4655.0337s
	iters: 500, epoch: 9 | loss: 1.9273512
	speed: 0.7695s/iter; left time: 4842.6199s
Epoch: 9 cost time: 432.1656050682068
Epoch: 9, Steps: 566 | Train Loss: 1.9684549 Vali Loss: 0.1389793 Test Loss: 0.1708940
EarlyStopping counter: 3 out of 10
Updating learning rate to 0.0007776417677884343
第9轮已结束！！！
--------------------
	iters: 100, epoch: 10 | loss: 4.2812920
	speed: 2.2305s/iter; left time: 13249.4022s
	iters: 200, epoch: 10 | loss: 4.0997458
	speed: 0.7008s/iter; left time: 4092.5930s
	iters: 300, epoch: 10 | loss: 4.2787943
	speed: 0.7024s/iter; left time: 4031.9100s
	iters: 400, epoch: 10 | loss: 4.1932240
	speed: 0.7532s/iter; left time: 4247.8530s
	iters: 500, epoch: 10 | loss: 4.1252766
	speed: 0.7316s/iter; left time: 4053.2550s
Epoch: 10 cost time: 408.50839376449585
	iters: 100, epoch: 10 | loss: 2.7458596
	speed: 2.3128s/iter; left time: 14043.1153s
	iters: 200, epoch: 10 | loss: 2.7476671
	speed: 0.7030s/iter; left time: 4198.2673s
	iters: 300, epoch: 10 | loss: 2.6263363
	speed: 0.7524s/iter; left time: 4417.8223s
	iters: 400, epoch: 10 | loss: 2.6722262
	speed: 0.7317s/iter; left time: 4223.1915s
	iters: 500, epoch: 10 | loss: 2.6948006
	speed: 0.7117s/iter; left time: 4036.5233s
Epoch: 10 cost time: 404.2193968296051
Epoch: 10, Steps: 549 | Train Loss: 4.1895854 Vali Loss: 0.1855621 Test Loss: 0.2142327
EarlyStopping counter: 1 out of 10
Updating learning rate to 0.0006911777267452677
第10轮已结束！！！
--------------------
	iters: 100, epoch: 9 | loss: 1.3193496
	speed: 2.6928s/iter; left time: 18119.7408s
	iters: 200, epoch: 9 | loss: 1.3203633
	speed: 0.7898s/iter; left time: 5235.8716s
	iters: 300, epoch: 9 | loss: 1.2830316
	speed: 0.7237s/iter; left time: 4725.2016s
	iters: 400, epoch: 9 | loss: 1.2710615
	speed: 0.7323s/iter; left time: 4708.1007s
	iters: 500, epoch: 9 | loss: 1.3281479
	speed: 0.8552s/iter; left time: 5412.3900s
Epoch: 9 cost time: 449.8738102912903
Epoch: 10, Steps: 561 | Train Loss: 2.6919820 Vali Loss: 0.1570801 Test Loss: 0.1868622
EarlyStopping counter: 4 out of 10
Updating learning rate to 0.0006911812612060022
第10轮已结束！！！
--------------------
Epoch: 9, Steps: 569 | Train Loss: 1.2910954 Vali Loss: 0.1272897 Test Loss: 0.1589247
EarlyStopping counter: 4 out of 10
Updating learning rate to 0.0007776425283554043
第9轮已结束！！！
--------------------
	iters: 100, epoch: 10 | loss: 1.9433867
	speed: 2.3136s/iter; left time: 14175.4734s
	iters: 200, epoch: 10 | loss: 1.9048542
	speed: 0.8704s/iter; left time: 5245.9851s
	iters: 300, epoch: 10 | loss: 1.9328138
	speed: 0.7599s/iter; left time: 4504.1787s
	iters: 400, epoch: 10 | loss: 1.9187748
	speed: 0.7411s/iter; left time: 4318.0993s
	iters: 500, epoch: 10 | loss: 1.8556240
	speed: 0.7468s/iter; left time: 4276.8626s
Epoch: 10 cost time: 438.83560037612915
Epoch: 10, Steps: 566 | Train Loss: 1.9088196 Vali Loss: 0.1393186 Test Loss: 0.1716102
EarlyStopping counter: 4 out of 10
Updating learning rate to 0.0006911826896620022
第10轮已结束！！！
--------------------
	iters: 100, epoch: 11 | loss: 4.0982924
	speed: 2.1414s/iter; left time: 11544.1658s
	iters: 200, epoch: 11 | loss: 4.0580606
	speed: 0.7722s/iter; left time: 4085.5173s
	iters: 300, epoch: 11 | loss: 4.1882119
	speed: 0.6989s/iter; left time: 3627.7488s
	iters: 400, epoch: 11 | loss: 4.1126308
	speed: 0.6845s/iter; left time: 3484.6172s
	iters: 500, epoch: 11 | loss: 4.0381265
	speed: 0.7671s/iter; left time: 3828.6093s
Epoch: 11 cost time: 408.79731965065
	iters: 100, epoch: 11 | loss: 2.6884546
	speed: 2.4054s/iter; left time: 13256.3472s
	iters: 200, epoch: 11 | loss: 2.6533117
	speed: 0.6842s/iter; left time: 3701.9684s
	iters: 300, epoch: 11 | loss: 2.6172886
	speed: 0.6876s/iter; left time: 3651.7948s
	iters: 400, epoch: 11 | loss: 2.6073344
	speed: 0.7641s/iter; left time: 3981.9683s
	iters: 500, epoch: 11 | loss: 2.5628924
	speed: 0.7007s/iter; left time: 3581.0905s
Epoch: 11 cost time: 406.35822772979736
Epoch: 11, Steps: 549 | Train Loss: 4.1023932 Vali Loss: 0.1857549 Test Loss: 0.2145914
EarlyStopping counter: 2 out of 10
Updating learning rate to 0.0005973713766424656
第11轮已结束！！！
--------------------
	iters: 100, epoch: 10 | loss: 1.2607181
	speed: 2.6082s/iter; left time: 16066.3981s
	iters: 200, epoch: 10 | loss: 1.2638557
	speed: 0.7466s/iter; left time: 4524.2044s
	iters: 300, epoch: 10 | loss: 1.2199223
	speed: 0.7258s/iter; left time: 4325.5148s
	iters: 400, epoch: 10 | loss: 1.2602657
	speed: 0.8085s/iter; left time: 4737.8124s
	iters: 500, epoch: 10 | loss: 1.1985438
	speed: 0.8161s/iter; left time: 4700.4520s
Epoch: 10 cost time: 443.305682182312
Epoch: 11, Steps: 561 | Train Loss: 2.6266162 Vali Loss: 0.1579949 Test Loss: 0.1875043
EarlyStopping counter: 5 out of 10
Updating learning rate to 0.0005973751285201747
第11轮已结束！！！
--------------------
Epoch: 10, Steps: 569 | Train Loss: 1.2445826 Vali Loss: 0.1281107 Test Loss: 0.1603677
EarlyStopping counter: 5 out of 10
Updating learning rate to 0.000691183534684498
第10轮已结束！！！
--------------------
	iters: 100, epoch: 11 | loss: 1.9620708
	speed: 2.3325s/iter; left time: 12971.2639s
	iters: 200, epoch: 11 | loss: 1.8677473
	speed: 0.7752s/iter; left time: 4233.1117s
	iters: 300, epoch: 11 | loss: 1.8088650
	speed: 0.7564s/iter; left time: 4055.1173s
	iters: 400, epoch: 11 | loss: 1.8930506
	speed: 0.7277s/iter; left time: 3828.5732s
	iters: 500, epoch: 11 | loss: 1.8196958
	speed: 0.7212s/iter; left time: 3722.1238s
Epoch: 11 cost time: 427.23780512809753
	iters: 100, epoch: 12 | loss: 4.0321689
	speed: 2.0480s/iter; left time: 9916.3084s
	iters: 200, epoch: 12 | loss: 3.9278781
	speed: 0.7489s/iter; left time: 3551.1668s
	iters: 300, epoch: 12 | loss: 4.0582108
	speed: 0.6917s/iter; left time: 3211.0314s
	iters: 400, epoch: 12 | loss: 3.9260483
	speed: 0.6615s/iter; left time: 3004.5333s
	iters: 500, epoch: 12 | loss: 3.9811134
	speed: 0.7323s/iter; left time: 3253.0049s
Epoch: 12 cost time: 390.13850927352905
Epoch: 11, Steps: 566 | Train Loss: 1.8575063 Vali Loss: 0.1405280 Test Loss: 0.1727259
EarlyStopping counter: 5 out of 10
Updating learning rate to 0.0005973766448472253
第11轮已结束！！！
--------------------
Epoch: 12, Steps: 549 | Train Loss: 4.0298516 Vali Loss: 0.1869671 Test Loss: 0.2157742
EarlyStopping counter: 3 out of 10
Updating learning rate to 0.000499823176000669
第12轮已结束！！！
--------------------
	iters: 100, epoch: 12 | loss: 2.5932906
	speed: 2.2142s/iter; left time: 10960.1220s
	iters: 200, epoch: 12 | loss: 2.5443637
	speed: 0.6743s/iter; left time: 3270.1928s
	iters: 300, epoch: 12 | loss: 2.5460882
	speed: 0.6711s/iter; left time: 3187.8170s
	iters: 400, epoch: 12 | loss: 2.5388227
	speed: 0.7106s/iter; left time: 3304.1293s
	iters: 500, epoch: 12 | loss: 2.6094444
	speed: 0.7077s/iter; left time: 3220.1459s
Epoch: 12 cost time: 393.4264726638794
Epoch: 12, Steps: 561 | Train Loss: 2.5706815 Vali Loss: 0.1578388 Test Loss: 0.1873917
EarlyStopping counter: 6 out of 10
Updating learning rate to 0.0004998270011127964
第12轮已结束！！！
--------------------
	iters: 100, epoch: 11 | loss: 1.2057402
	speed: 2.3810s/iter; left time: 13312.2045s
	iters: 200, epoch: 11 | loss: 1.2190979
	speed: 0.7560s/iter; left time: 4151.2770s
	iters: 300, epoch: 11 | loss: 1.1625625
	speed: 0.7324s/iter; left time: 3948.2100s
	iters: 400, epoch: 11 | loss: 1.1937815
	speed: 0.8394s/iter; left time: 4441.3472s
	iters: 500, epoch: 11 | loss: 1.1696821
	speed: 0.8220s/iter; left time: 4266.9289s
Epoch: 11 cost time: 444.88123965263367
Epoch: 11, Steps: 569 | Train Loss: 1.2020825 Vali Loss: 0.1293418 Test Loss: 0.1613087
EarlyStopping counter: 6 out of 10
Updating learning rate to 0.0005973775418515063
第11轮已结束！！！
--------------------
	iters: 100, epoch: 12 | loss: 1.7791039
	speed: 2.3503s/iter; left time: 11739.8848s
	iters: 200, epoch: 12 | loss: 1.8169869
	speed: 0.7965s/iter; left time: 3898.7111s
	iters: 300, epoch: 12 | loss: 1.8546612
	speed: 0.7669s/iter; left time: 3677.5233s
	iters: 400, epoch: 12 | loss: 1.8122547
	speed: 0.7022s/iter; left time: 3296.7163s
	iters: 500, epoch: 12 | loss: 1.8283771
	speed: 0.7342s/iter; left time: 3373.4938s
Epoch: 12 cost time: 429.1591181755066
	iters: 100, epoch: 13 | loss: 3.9646950
	speed: 2.0630s/iter; left time: 8856.4665s
	iters: 200, epoch: 13 | loss: 3.9168842
	speed: 0.7486s/iter; left time: 3138.6703s
	iters: 300, epoch: 13 | loss: 4.0103984
	speed: 0.7184s/iter; left time: 2940.6136s
	iters: 400, epoch: 13 | loss: 4.0007114
	speed: 0.7136s/iter; left time: 2849.5162s
	iters: 500, epoch: 13 | loss: 3.9042113
	speed: 0.7125s/iter; left time: 2773.8162s
Epoch: 13 cost time: 401.51174306869507
Epoch: 12, Steps: 566 | Train Loss: 1.8126247 Vali Loss: 0.1410986 Test Loss: 0.1729858
EarlyStopping counter: 6 out of 10
Updating learning rate to 0.0004998285470392995
第12轮已结束！！！
--------------------
	iters: 100, epoch: 13 | loss: 2.5455778
	speed: 2.0842s/iter; left time: 9147.7131s
	iters: 200, epoch: 13 | loss: 2.5582504
	speed: 0.7401s/iter; left time: 3174.4588s
	iters: 300, epoch: 13 | loss: 2.5423408
	speed: 0.6942s/iter; left time: 2907.9805s
	iters: 400, epoch: 13 | loss: 2.4955249
	speed: 0.7087s/iter; left time: 2898.0215s
	iters: 500, epoch: 13 | loss: 2.5736957
	speed: 0.7384s/iter; left time: 2945.3249s
Epoch: 13 cost time: 401.1526765823364
Epoch: 13, Steps: 549 | Train Loss: 3.9685661 Vali Loss: 0.1874776 Test Loss: 0.2164387
EarlyStopping counter: 4 out of 10
Updating learning rate to 0.00040228184746488125
第13轮已结束！！！
--------------------
Epoch: 13, Steps: 561 | Train Loss: 2.5241067 Vali Loss: 0.1587747 Test Loss: 0.1886071
EarlyStopping counter: 7 out of 10
Updating learning rate to 0.00040228559881451295
第13轮已结束！！！
--------------------
	iters: 100, epoch: 12 | loss: 1.1850452
	speed: 2.4477s/iter; left time: 12292.2667s
	iters: 200, epoch: 12 | loss: 1.1673102
	speed: 0.7722s/iter; left time: 3800.9915s
	iters: 300, epoch: 12 | loss: 1.1577429
	speed: 0.8796s/iter; left time: 4241.4730s
	iters: 400, epoch: 12 | loss: 1.1870813
	speed: 0.7890s/iter; left time: 3725.7326s
	iters: 500, epoch: 12 | loss: 1.1651673
	speed: 0.7469s/iter; left time: 3452.3167s
Epoch: 12 cost time: 454.30639481544495
Epoch: 12, Steps: 569 | Train Loss: 1.1667329 Vali Loss: 0.1295110 Test Loss: 0.1620466
EarlyStopping counter: 7 out of 10
Updating learning rate to 0.0004998294615539944
第12轮已结束！！！
--------------------
	iters: 100, epoch: 13 | loss: 1.7921809
	speed: 2.3279s/iter; left time: 10310.0814s
	iters: 200, epoch: 13 | loss: 1.7686690
	speed: 0.7764s/iter; left time: 3360.8988s
	iters: 300, epoch: 13 | loss: 1.7753029
	speed: 0.7409s/iter; left time: 3133.4430s
	iters: 400, epoch: 13 | loss: 1.7808979
	speed: 0.7545s/iter; left time: 3115.4730s
	iters: 500, epoch: 13 | loss: 1.7607933
	speed: 0.7243s/iter; left time: 2918.1648s
Epoch: 13 cost time: 428.76540064811707
	iters: 100, epoch: 14 | loss: 3.9361830
	speed: 2.1262s/iter; left time: 7960.6771s
	iters: 200, epoch: 14 | loss: 3.9685779
	speed: 0.7135s/iter; left time: 2599.8458s
	iters: 300, epoch: 14 | loss: 3.8163013
	speed: 0.7268s/iter; left time: 2575.9225s
	iters: 400, epoch: 14 | loss: 3.9285548
	speed: 0.7452s/iter; left time: 2566.5061s
	iters: 500, epoch: 14 | loss: 3.9252441
	speed: 0.6897s/iter; left time: 2306.3929s
Epoch: 14 cost time: 393.7321767807007
Epoch: 13, Steps: 566 | Train Loss: 1.7740733 Vali Loss: 0.1419556 Test Loss: 0.1746546
EarlyStopping counter: 7 out of 10
Updating learning rate to 0.0004022871149313799
第13轮已结束！！！
--------------------
Epoch: 14, Steps: 549 | Train Loss: 3.9195236 Vali Loss: 0.1877046 Test Loss: 0.2160729
EarlyStopping counter: 5 out of 10
Updating learning rate to 0.0003084958495889251
第14轮已结束！！！
--------------------
	iters: 100, epoch: 14 | loss: 2.5507648
	speed: 2.0899s/iter; left time: 8000.2424s
	iters: 200, epoch: 14 | loss: 2.4683008
	speed: 0.7341s/iter; left time: 2736.7284s
	iters: 300, epoch: 14 | loss: 2.4818926
	speed: 0.7343s/iter; left time: 2663.8594s
	iters: 400, epoch: 14 | loss: 2.5252929
	speed: 0.6562s/iter; left time: 2315.1145s
	iters: 500, epoch: 14 | loss: 2.4910629
	speed: 0.7587s/iter; left time: 2600.9369s
Epoch: 14 cost time: 400.2160482406616
Epoch: 14, Steps: 561 | Train Loss: 2.4857793 Vali Loss: 0.1588204 Test Loss: 0.1889722
EarlyStopping counter: 8 out of 10
Updating learning rate to 0.0003084993830137985
第14轮已结束！！！
--------------------
	iters: 100, epoch: 13 | loss: 1.1446918
	speed: 2.4450s/iter; left time: 10887.4729s
	iters: 200, epoch: 13 | loss: 1.1277952
	speed: 0.8255s/iter; left time: 3593.4882s
	iters: 300, epoch: 13 | loss: 1.1539502
	speed: 0.8406s/iter; left time: 3575.1459s
	iters: 400, epoch: 13 | loss: 1.1461880
	speed: 0.7965s/iter; left time: 3307.6724s
	iters: 500, epoch: 13 | loss: 1.0948143
	speed: 0.8498s/iter; left time: 3444.3020s
Epoch: 13 cost time: 463.4804952144623
	iters: 100, epoch: 15 | loss: 3.8886511
	speed: 1.9921s/iter; left time: 6364.6318s
	iters: 200, epoch: 15 | loss: 3.8491254
	speed: 0.6838s/iter; left time: 2116.5087s
	iters: 300, epoch: 15 | loss: 3.8234160
	speed: 0.7369s/iter; left time: 2207.1597s
	iters: 400, epoch: 15 | loss: 3.8749657
	speed: 0.6750s/iter; left time: 1954.0626s
	iters: 500, epoch: 15 | loss: 3.8885803
	speed: 0.7081s/iter; left time: 1979.2289s
Epoch: 15 cost time: 383.01322746276855
Epoch: 13, Steps: 569 | Train Loss: 1.1362272 Vali Loss: 0.1296541 Test Loss: 0.1626276
EarlyStopping counter: 8 out of 10
Updating learning rate to 0.0004022880118122018
第13轮已结束！！！
--------------------
	iters: 100, epoch: 14 | loss: 1.7905784
	speed: 2.3754s/iter; left time: 9176.3137s
	iters: 200, epoch: 14 | loss: 1.7253942
	speed: 0.7907s/iter; left time: 2975.4162s
	iters: 300, epoch: 14 | loss: 1.7942108
	speed: 0.8063s/iter; left time: 2953.4104s
	iters: 400, epoch: 14 | loss: 1.7502956
	speed: 0.7450s/iter; left time: 2654.3579s
	iters: 500, epoch: 14 | loss: 1.7120132
	speed: 0.6553s/iter; left time: 2269.4697s
Epoch: 14 cost time: 426.70074486732483
Epoch: 15, Steps: 549 | Train Loss: 3.8786188 Vali Loss: 0.1874796 Test Loss: 0.2164176
EarlyStopping counter: 6 out of 10
Updating learning rate to 0.0002220693256753801
第15轮已结束！！！
--------------------
	iters: 100, epoch: 15 | loss: 2.3946064
	speed: 2.1129s/iter; left time: 6902.8265s
	iters: 200, epoch: 15 | loss: 2.4710443
	speed: 0.7157s/iter; left time: 2266.7104s
	iters: 300, epoch: 15 | loss: 2.4674222
	speed: 0.6519s/iter; left time: 1999.3716s
	iters: 400, epoch: 15 | loss: 2.4853075
	speed: 0.6992s/iter; left time: 2074.5362s
	iters: 500, epoch: 15 | loss: 2.4878819
	speed: 0.6931s/iter; left time: 1987.2598s
Epoch: 15 cost time: 393.04798197746277
Epoch: 14, Steps: 566 | Train Loss: 1.7409791 Vali Loss: 0.1420452 Test Loss: 0.1750103
EarlyStopping counter: 8 out of 10
Updating learning rate to 0.0003085008110575084
第14轮已结束！！！
--------------------
Epoch: 15, Steps: 561 | Train Loss: 2.4539529 Vali Loss: 0.1587183 Test Loss: 0.1891648
EarlyStopping counter: 9 out of 10
Updating learning rate to 0.00022207250538795902
第15轮已结束！！！
--------------------
	iters: 100, epoch: 14 | loss: 1.1250836
	speed: 2.5549s/iter; left time: 9923.3927s
	iters: 200, epoch: 14 | loss: 1.1166958
	speed: 0.8315s/iter; left time: 3146.4312s
	iters: 300, epoch: 14 | loss: 1.1093317
	speed: 0.7796s/iter; left time: 2872.1642s
	iters: 400, epoch: 14 | loss: 1.0984777
	speed: 0.7622s/iter; left time: 2731.8812s
	iters: 500, epoch: 14 | loss: 1.1025431
	speed: 0.7526s/iter; left time: 2622.0458s
Epoch: 14 cost time: 447.2909848690033
	iters: 100, epoch: 16 | loss: 3.8368356
	speed: 2.1088s/iter; left time: 5579.9567s
	iters: 200, epoch: 16 | loss: 3.8084958
	speed: 0.6897s/iter; left time: 1755.8565s
	iters: 300, epoch: 16 | loss: 3.8918281
	speed: 0.7147s/iter; left time: 1748.2063s
	iters: 400, epoch: 16 | loss: 3.7797513
	speed: 0.7175s/iter; left time: 1683.2488s
	iters: 500, epoch: 16 | loss: 3.8383207
	speed: 0.6529s/iter; left time: 1466.5250s
Epoch: 16 cost time: 387.846804857254
	iters: 100, epoch: 15 | loss: 1.7319001
	speed: 2.1980s/iter; left time: 7246.7706s
	iters: 200, epoch: 15 | loss: 1.6884574
	speed: 0.7504s/iter; left time: 2399.0832s
	iters: 300, epoch: 15 | loss: 1.7199569
	speed: 0.7302s/iter; left time: 2261.2977s
	iters: 400, epoch: 15 | loss: 1.6532937
	speed: 0.7209s/iter; left time: 2160.6865s
	iters: 500, epoch: 15 | loss: 1.7064966
	speed: 0.6981s/iter; left time: 2022.3515s
Epoch: 15 cost time: 412.35032534599304
Epoch: 14, Steps: 569 | Train Loss: 1.1095208 Vali Loss: 0.1300342 Test Loss: 0.1633885
EarlyStopping counter: 9 out of 10
Updating learning rate to 0.0003085016558378303
第14轮已结束！！！
--------------------
Epoch: 16, Steps: 549 | Train Loss: 3.8475294 Vali Loss: 0.1880551 Test Loss: 0.2172653
EarlyStopping counter: 7 out of 10
Updating learning rate to 0.00014632359856969082
第16轮已结束！！！
--------------------
	iters: 100, epoch: 16 | loss: 2.4408476
	speed: 2.0354s/iter; left time: 5507.6647s
	iters: 200, epoch: 16 | loss: 2.3720522
	speed: 0.6954s/iter; left time: 1812.0911s
	iters: 300, epoch: 16 | loss: 2.4792824
	speed: 0.7028s/iter; left time: 1761.2521s
	iters: 400, epoch: 16 | loss: 2.4230483
	speed: 0.6443s/iter; left time: 1550.0691s
	iters: 500, epoch: 16 | loss: 2.3888507
	speed: 0.7456s/iter; left time: 1719.3689s
Epoch: 16 cost time: 401.499046087265
Epoch: 15, Steps: 566 | Train Loss: 1.7132944 Vali Loss: 0.1419419 Test Loss: 0.1753387
EarlyStopping counter: 9 out of 10
Updating learning rate to 0.00022207379047959285
第15轮已结束！！！
--------------------
Epoch: 16, Steps: 561 | Train Loss: 2.4288346 Vali Loss: 0.1583941 Test Loss: 0.1896199
EarlyStopping counter: 10 out of 10
Early stopping
>>>>>>>testing : long_term_forecast_HopMixer_none_HopMixer_custom_sl96_pl336_dm16_nh4_el3_dl1_df64_fc3_ebtimeF_dtTrue_test_0<<<<<<<<<<<<<<<<<<<<<<<<<<<<<<<<<
test 4925
test shape: (4896, 336, 321) (4896, 336, 321)
test shape: (4896, 336, 321) (4896, 336, 321)
mse:0.18499912321567535, mae:0.2846427261829376
	iters: 100, epoch: 17 | loss: 3.8278720
	speed: 2.2020s/iter; left time: 4617.5229s
	iters: 200, epoch: 17 | loss: 3.8118362
	speed: 0.6727s/iter; left time: 1343.3921s
	iters: 300, epoch: 17 | loss: 3.8061738
	speed: 0.6087s/iter; left time: 1154.7651s
	iters: 400, epoch: 17 | loss: 3.8474452
	speed: 0.5218s/iter; left time: 937.7215s
	iters: 500, epoch: 17 | loss: 3.8202646
	speed: 0.5146s/iter; left time: 873.2762s
Epoch: 17 cost time: 333.97243475914
Epoch: 17, Steps: 549 | Train Loss: 3.8243739 Vali Loss: 0.1881364 Test Loss: 0.2166379
EarlyStopping counter: 8 out of 10
Updating learning rate to 8.416953408583563e-05
第17轮已结束！！！
--------------------
	iters: 100, epoch: 15 | loss: 1.0879937
	speed: 2.5927s/iter; left time: 8594.7854s
	iters: 200, epoch: 15 | loss: 1.0975627
	speed: 0.8099s/iter; left time: 2603.8151s
	iters: 300, epoch: 15 | loss: 1.0753994
	speed: 0.7561s/iter; left time: 2355.2223s
	iters: 400, epoch: 15 | loss: 1.0726808
	speed: 0.7633s/iter; left time: 2301.3620s
	iters: 500, epoch: 15 | loss: 1.0590045
	speed: 0.8007s/iter; left time: 2333.9407s
Epoch: 15 cost time: 452.8259174823761
	iters: 100, epoch: 16 | loss: 1.6831107
	speed: 2.4122s/iter; left time: 6587.6922s
	iters: 200, epoch: 16 | loss: 1.7076409
	speed: 0.7367s/iter; left time: 1938.2337s
	iters: 300, epoch: 16 | loss: 1.6940992
	speed: 0.7538s/iter; left time: 1907.8619s
	iters: 400, epoch: 16 | loss: 1.6942143
	speed: 0.7755s/iter; left time: 1885.3342s
	iters: 500, epoch: 16 | loss: 1.7252352
	speed: 0.7602s/iter; left time: 1772.0179s
Epoch: 16 cost time: 426.67595505714417
Epoch: 15, Steps: 569 | Train Loss: 1.0879952 Vali Loss: 0.1303968 Test Loss: 0.1640505
EarlyStopping counter: 10 out of 10
Early stopping
>>>>>>>testing : long_term_forecast_HopMixer_none_HopMixer_custom_sl96_pl96_dm16_nh4_el3_dl1_df64_fc3_ebtimeF_dtTrue_test_0<<<<<<<<<<<<<<<<<<<<<<<<<<<<<<<<<
test 5165
Epoch: 16, Steps: 566 | Train Loss: 1.6920315 Vali Loss: 0.1423733 Test Loss: 0.1761533
EarlyStopping counter: 10 out of 10
Early stopping
>>>>>>>testing : long_term_forecast_HopMixer_none_HopMixer_custom_sl96_pl192_dm16_nh4_el3_dl1_df64_fc3_ebtimeF_dtTrue_test_0<<<<<<<<<<<<<<<<<<<<<<<<<<<<<<<<<
test 5069
test shape: (5152, 96, 321) (5152, 96, 321)
test shape: (5152, 96, 321) (5152, 96, 321)
mse:0.15364794433116913, mae:0.25507843494415283
test shape: (5056, 192, 321) (5056, 192, 321)
test shape: (5056, 192, 321) (5056, 192, 321)
mse:0.1691438853740692, mae:0.2680978775024414
	iters: 100, epoch: 18 | loss: 3.8169363
	speed: 1.3845s/iter; left time: 2143.2329s
	iters: 200, epoch: 18 | loss: 3.7803671
	speed: 0.5842s/iter; left time: 845.9735s
	iters: 300, epoch: 18 | loss: 3.7681441
	speed: 0.6287s/iter; left time: 847.4877s
	iters: 400, epoch: 18 | loss: 3.7823992
	speed: 0.5525s/iter; left time: 689.4689s
	iters: 500, epoch: 18 | loss: 3.8234327
	speed: 0.4344s/iter; left time: 498.6611s
Epoch: 18 cost time: 291.4714059829712
Epoch: 18, Steps: 549 | Train Loss: 3.8086426 Vali Loss: 0.1880735 Test Loss: 0.2170066
EarlyStopping counter: 9 out of 10
Updating learning rate to 3.799567806552832e-05
第18轮已结束！！！
--------------------
	iters: 100, epoch: 19 | loss: 3.7919874
	speed: 1.1736s/iter; left time: 1172.4197s
	iters: 200, epoch: 19 | loss: 3.8671834
	speed: 0.4373s/iter; left time: 393.1276s
	iters: 300, epoch: 19 | loss: 3.8618815
	speed: 0.4428s/iter; left time: 353.8049s
	iters: 400, epoch: 19 | loss: 3.8701119
	speed: 0.4338s/iter; left time: 303.2579s
	iters: 500, epoch: 19 | loss: 3.8071632
	speed: 0.4286s/iter; left time: 256.7596s
Epoch: 19 cost time: 241.15827751159668
Epoch: 19, Steps: 549 | Train Loss: 3.7991906 Vali Loss: 0.1884407 Test Loss: 0.2171935
EarlyStopping counter: 10 out of 10
Early stopping
>>>>>>>testing : long_term_forecast_HopMixer_none_HopMixer_custom_sl96_pl720_dm16_nh4_el3_dl1_df64_fc3_ebtimeF_dtTrue_test_0<<<<<<<<<<<<<<<<<<<<<<<<<<<<<<<<<
test 4541
test shape: (4512, 720, 321) (4512, 720, 321)
test shape: (4512, 720, 321) (4512, 720, 321)
mse:0.21415752172470093, mae:0.3096775412559509
